 Total Nb of available Diagnostics: ndiagt=   431
------------------------------------------------------------------------------------
  Num  |<-Name->|Levs|  mate |<- code ->|<--  Units   -->|<- Tile (max=80c)         
------------------------------------------------------------------------------------
     1 |SDIAG1  |  1 |       |SM      L1|user-defined    |User-Defined   Surface   Diagnostic  #1
     2 |SDIAG2  |  1 |       |SM      L1|user-defined    |User-Defined   Surface   Diagnostic  #2
     3 |SDIAG3  |  1 |       |SM      L1|user-defined    |User-Defined   Surface   Diagnostic  #3
     4 |SDIAG4  |  1 |       |SM      L1|user-defined    |User-Defined   Surface   Diagnostic  #4
     5 |SDIAG5  |  1 |       |SM      L1|user-defined    |User-Defined   Surface   Diagnostic  #5
     6 |SDIAG6  |  1 |       |SM      L1|user-defined    |User-Defined   Surface   Diagnostic  #6
     7 |SDIAG7  |  1 |       |SU      L1|user-defined    |User-Defined U.pt Surface Diagnostic #7
     8 |SDIAG8  |  1 |       |SV      L1|user-defined    |User-Defined V.pt Surface Diagnostic #8
     9 |SDIAG9  |  1 |    10 |UU      L1|user-defined    |User-Defined U.vector Surface Diag.  #9
    10 |SDIAG10 |  1 |     9 |VV      L1|user-defined    |User-Defined V.vector Surface Diag. #10
    11 |UDIAG1  |100 |       |SM      MR|user-defined    |User-Defined Model-Level Diagnostic  #1
    12 |UDIAG2  |100 |       |SM      MR|user-defined    |User-Defined Model-Level Diagnostic  #2
    13 |UDIAG3  |100 |       |SMR     MR|user-defined    |User-Defined Model-Level Diagnostic  #3
    14 |UDIAG4  |100 |       |SMR     MR|user-defined    |User-Defined Model-Level Diagnostic  #4
    15 |UDIAG5  |100 |       |SU      MR|user-defined    |User-Defined U.pt Model-Level Diag.  #5
    16 |UDIAG6  |100 |       |SV      MR|user-defined    |User-Defined V.pt Model-Level Diag.  #6
    17 |UDIAG7  |100 |    18 |UUR     MR|user-defined    |User-Defined U.vector Model-Lev Diag.#7
    18 |UDIAG8  |100 |    17 |VVR     MR|user-defined    |User-Defined V.vector Model-Lev Diag.#8
    19 |UDIAG9  |100 |       |SM      ML|user-defined    |User-Defined Phys-Level  Diagnostic  #9
    20 |UDIAG10 |100 |       |SM      ML|user-defined    |User-Defined Phys-Level  Diagnostic #10
    21 |SDIAGC  |  1 |    22 |SM  C   L1|user-defined    |User-Defined Counted Surface Diagnostic
    22 |SDIAGCC |  1 |       |SM      L1|count           |User-Defined Surface Diagnostic Counter
    23 |ETAN    |  1 |       |SM      M1|m               |Surface Height Anomaly
    24 |ETANSQ  |  1 |       |SM P    M1|m^2             |Square of Surface Height Anomaly
    25 |DETADT2 |  1 |       |SM      M1|m^2/s^2         |Square of Surface Height Anomaly Tendency
    26 |THETA   |100 |       |SMR     MR|degC            |Potential Temperature
    27 |SALT    |100 |       |SMR     MR|g/kg            |Salinity
    28 |RELHUM  |100 |       |SMR     MR|percent         |Relative Humidity
    29 |SALTanom|100 |       |SMR     MR|g/kg            |Salt anomaly (=SALT-35; g/kg)
    30 |UVEL    |100 |    31 |UUR     MR|m/s             |Zonal Component of Velocity (m/s)
    31 |VVEL    |100 |    30 |VVR     MR|m/s             |Meridional Component of Velocity (m/s)
    32 |WVEL    |100 |       |WM      LR|m/s             |Vertical Component of Velocity (r_units/s)
    33 |THETASQ |100 |       |SMRP    MR|degC^2          |Square of Potential Temperature
    34 |SALTSQ  |100 |       |SMRP    MR|(g/kg)^2        |Square of Salinity
    35 |SALTSQan|100 |       |SMRP    MR|(g/kg)^2        |Square of Salt anomaly (=(SALT-35)^2 (g^2/kg^2)
    36 |UVELSQ  |100 |    37 |UURP    MR|m^2/s^2         |Square of Zonal Comp of Velocity (m^2/s^2)
    37 |VVELSQ  |100 |    36 |VVRP    MR|m^2/s^2         |Square of Meridional Comp of Velocity (m^2/s^2)
    38 |WVELSQ  |100 |       |WM P    LR|m^2/s^2         |Square of Vertical Comp of Velocity
    39 |VSHEARSQ|100 |       |SM P    LR|1/s^2           |Square of Vertical Shear (horiz. velocity vertical gradient)
    40 |UE_VEL_C|100 |    41 |UMR     MR|m/s             |Eastward Velocity (m/s) (cell center)
    41 |VN_VEL_C|100 |    40 |VMR     MR|m/s             |Northward Velocity (m/s) (cell center)
    42 |UV_VEL_C|100 |    42 |UMR     MR|m^2/s^2         |Product of horizontal Comp of velocity (cell center)
    43 |UV_VEL_Z|100 |    43 |UZR     MR|m^2/s^2         |Meridional Transport of Zonal Momentum (m^2/s^2)
    44 |WU_VEL  |100 |       |WU      LR|m.m/s^2         |Vertical Transport of Zonal Momentum
    45 |WV_VEL  |100 |       |WV      LR|m.m/s^2         |Vertical Transport of Meridional Momentum
    46 |UVELMASS|100 |    47 |UUr     MR|m/s             |Zonal Mass-Weighted Comp of Velocity (m/s)
    47 |VVELMASS|100 |    46 |VVr     MR|m/s             |Meridional Mass-Weighted Comp of Velocity (m/s)
    48 |WVELMASS|100 |       |WM      LR|m/s             |Vertical Mass-Weighted Comp of Velocity
    49 |PhiVEL  |100 |    46 |SMR P   MR|m^2/s           |Horizontal Velocity Potential (m^2/s)
    50 |PsiVEL  |100 |    49 |SZ  P   MR|m.m^2/s         |Horizontal Velocity Stream-Function
    51 |UTHMASS |100 |    52 |UUr     MR|degC.m/s        |Zonal Mass-Weight Transp of Pot Temp
    52 |VTHMASS |100 |    51 |VVr     MR|degC.m/s        |Meridional Mass-Weight Transp of Pot Temp
    53 |WTHMASS |100 |       |WM      LR|degC.m/s        |Vertical Mass-Weight Transp of Pot Temp
    54 |USLTMASS|100 |    55 |UUr     MR|g/kg.m/s        |Zonal Mass-Weight Transp of Salinity
    55 |VSLTMASS|100 |    54 |VVr     MR|g/kg.m/s        |Meridional Mass-Weight Transp of Salinity
    56 |WSLTMASS|100 |       |WM      LR|g/kg.m/s        |Vertical Mass-Weight Transp of Salinity
    57 |UVELTH  |100 |    58 |UUR     MR|degC.m/s        |Zonal Transport of Pot Temp
    58 |VVELTH  |100 |    57 |VVR     MR|degC.m/s        |Meridional Transport of Pot Temp
    59 |WVELTH  |100 |       |WM      LR|degC.m/s        |Vertical Transport of Pot Temp
    60 |UVELSLT |100 |    61 |UUR     MR|g/kg.m/s        |Zonal Transport of Salinity
    61 |VVELSLT |100 |    60 |VVR     MR|g/kg.m/s        |Meridional Transport of Salinity
    62 |WVELSLT |100 |       |WM      LR|g/kg.m/s        |Vertical Transport of Salinity
    63 |UVELPHI |100 |    64 |UUr     MR|m^3/s^3         |Zonal Mass-Weight Transp of Pressure Pot.(p/rho) Anomaly
    64 |VVELPHI |100 |    63 |VVr     MR|m^3/s^3         |Merid. Mass-Weight Transp of Pressure Pot.(p/rho) Anomaly
    65 |RHOAnoma|100 |       |SMR     MR|kg/m^3          |Density Anomaly (=Rho-rhoConst)
    66 |RHOANOSQ|100 |       |SMRP    MR|kg^2/m^6        |Square of Density Anomaly (=(Rho-rhoConst)^2)
    67 |URHOMASS|100 |    68 |UUr     MR|kg/m^2/s        |Zonal Transport of Density
    68 |VRHOMASS|100 |    67 |VVr     MR|kg/m^2/s        |Meridional Transport of Density
    69 |WRHOMASS|100 |       |WM      LR|kg/m^2/s        |Vertical Transport of Density
    70 |WdRHO_P |100 |       |WM      LR|kg/m^2/s        |Vertical velocity times delta^k(Rho)_at-const-P
    71 |WdRHOdP |100 |       |WM      LR|kg/m^2/s        |Vertical velocity times delta^k(Rho)_at-const-T,S
    72 |PHIHYD  |100 |       |SMR     MR|m^2/s^2         |Hydrostatic Pressure Pot.(p/rho) Anomaly
    73 |PHIHYDSQ|100 |       |SMRP    MR|m^4/s^4         |Square of Hyd. Pressure Pot.(p/rho) Anomaly
    74 |PHIBOT  |  1 |       |SM      M1|m^2/s^2         |Bottom Pressure Pot.(p/rho) Anomaly
    75 |PHIBOTSQ|  1 |       |SM P    M1|m^4/s^4         |Square of Bottom Pressure Pot.(p/rho) Anomaly
    76 |PHI_SURF|  1 |       |SM      M1|m^2/s^2         |Surface Dynamical Pressure Pot.(p/rho)
    77 |MXLDEPTH|  1 |       |SM      M1|m               |Mixed-Layer Depth (>0)
    78 |DRHODR  |100 |       |SM      LR|kg/m^4          |Stratification: d.Sigma/dr (kg/m3/r_unit)
    79 |CONVADJ |100 |       |SMR     LR|fraction        |Convective Adjustment Index [0-1]
    80 |GCM_SST |  1 |       |SM      M1|degC            |Ocean model Sea Surface Temperature (degC)
    81 |oceTAUX |  1 |    82 |UU      U1|N/m^2           |zonal surface wind stress (+=down), >0 increases uVel
    82 |oceTAUY |  1 |    81 |VV      U1|N/m^2           |meridional surf. wind stress (+=down), >0 increases vVel
    83 |atmPload|  1 |       |SM      U1|Pa              |Atmospheric pressure loading anomaly (vs surf_pRef)
    84 |sIceLoad|  1 |       |SM      U1|kg/m^2          |sea-ice loading (in Mass of ice+snow / area unit)
    85 |oceFWflx|  1 |       |SM      U1|kg/m^2/s        |net surface Fresh-Water flux into the ocean (+=down), >0 decreases salinity
    86 |oceSflux|  1 |       |SM      U1|g/m^2/s         |net surface Salt flux into the ocean (+=down), >0 increases salinity
    87 |oceQnet |  1 |       |SM      U1|W/m^2           |net surface heat flux into the ocean (+=down), >0 increases theta
    88 |oceQsw  |  1 |       |SM      U1|W/m^2           |net Short-Wave radiation (+=down), >0 increases theta
    89 |oceFreez|  1 |       |SM      U1|W/m^2           |implied heating from increasing theta up to freezing point (allowFreezing=T)
    90 |TRELAX  |  1 |       |SM      U1|W/m^2           |surface temperature relaxation, >0 increases theta
    91 |SRELAX  |  1 |       |SM      U1|g/m^2/s         |surface salinity relaxation, >0 increases salt
    92 |surForcT|  1 |       |SM      U1|W/m^2           |model surface forcing for Temperature, >0 increases theta
    93 |surForcS|  1 |       |SM      U1|g/m^2/s         |model surface forcing for Salinity, >0 increases salinity
    94 |TFLUX   |  1 |       |SM      U1|W/m^2           |total heat flux (matches heat-content variations, +=down), >0 increases theta
    95 |SFLUX   |  1 |       |SM      U1|g/m^2/s         |total salt flux (matches salt-content variations, +=down), >0 increases salt
    96 |RCENTER |100 |       |SM      MR|m               |Cell-Center Height
    97 |RSURF   |  1 |       |SM      M1|m               |Surface Height
    98 |TOTUTEND|100 |    99 |UUR     MR|m/s/day         |Tendency of Zonal Component of Velocity
    99 |TOTVTEND|100 |    98 |VVR     MR|m/s/day         |Tendency of Meridional Component of Velocity
------------------------------------------------------------------------------------
  Num  |<-Name->|Levs|  mate |<- code ->|<--  Units   -->|<- Tile (max=80c)         
------------------------------------------------------------------------------------
   100 |TOTTTEND|100 |       |SMR     MR|degC/day        |Tendency of Potential Temperature
   101 |TOTSTEND|100 |       |SMR     MR|g/kg/day        |Tendency of Salinity
   102 |MoistCor|100 |       |SM      MR|W/m^2           |Heating correction due to moist thermodynamics
   103 |gT_Forc |100 |       |SMR     MR|degC/s          |Potential Temp. forcing tendency
   104 |gS_Forc |100 |       |SMR     MR|g/kg/s          |Salinity forcing tendency
   105 |AB_gT   |100 |       |SMR     MR|degC/s          |Potential Temp. tendency from Adams-Bashforth
   106 |AB_gS   |100 |       |SMR     MR|g/kg/s          |Salinity tendency from Adams-Bashforth
   107 |gTinAB  |100 |       |SMR     MR|degC/s          |Potential Temp. tendency going in Adams-Bashforth
   108 |gSinAB  |100 |       |SMR     MR|g/kg/s          |Salinity tendency going in Adams-Bashforth
   109 |AB_gU   |100 |   110 |UUR     MR|m/s^2           |U momentum tendency from Adams-Bashforth
   110 |AB_gV   |100 |   109 |VVR     MR|m/s^2           |V momentum tendency from Adams-Bashforth
   111 |ADVr_TH |100 |       |WM      LR|degC.m^3/s      |Vertical   Advective Flux of Pot.Temperature
   112 |ADVx_TH |100 |   113 |UU      MR|degC.m^3/s      |Zonal      Advective Flux of Pot.Temperature
   113 |ADVy_TH |100 |   112 |VV      MR|degC.m^3/s      |Meridional Advective Flux of Pot.Temperature
   114 |DFrE_TH |100 |       |WM      LR|degC.m^3/s      |Vertical Diffusive Flux of Pot.Temperature (Explicit part)
   115 |DFxE_TH |100 |   116 |UU      MR|degC.m^3/s      |Zonal      Diffusive Flux of Pot.Temperature
   116 |DFyE_TH |100 |   115 |VV      MR|degC.m^3/s      |Meridional Diffusive Flux of Pot.Temperature
   117 |DFrI_TH |100 |       |WM      LR|degC.m^3/s      |Vertical Diffusive Flux of Pot.Temperature (Implicit part)
   118 |ADVr_SLT|100 |       |WM      LR|g/kg.m^3/s      |Vertical   Advective Flux of Salinity
   119 |ADVx_SLT|100 |   120 |UU      MR|g/kg.m^3/s      |Zonal      Advective Flux of Salinity
   120 |ADVy_SLT|100 |   119 |VV      MR|g/kg.m^3/s      |Meridional Advective Flux of Salinity
   121 |DFrE_SLT|100 |       |WM      LR|g/kg.m^3/s      |Vertical Diffusive Flux of Salinity    (Explicit part)
   122 |DFxE_SLT|100 |   123 |UU      MR|g/kg.m^3/s      |Zonal      Diffusive Flux of Salinity
   123 |DFyE_SLT|100 |   122 |VV      MR|g/kg.m^3/s      |Meridional Diffusive Flux of Salinity
   124 |DFrI_SLT|100 |       |WM      LR|g/kg.m^3/s      |Vertical Diffusive Flux of Salinity    (Implicit part)
   125 |SALTFILL|100 |       |SM      MR|g/kg.m^3/s      |Filling of Negative Values of Salinity
   126 |VISCAHZ |100 |       |SZ      MR|m^2/s           |Harmonic Visc Coefficient (m2/s) (Zeta Pt)
   127 |VISCA4Z |100 |       |SZ      MR|m^4/s           |Biharmonic Visc Coefficient (m4/s) (Zeta Pt)
   128 |VISCAHD |100 |       |SM      MR|m^2/s           |Harmonic Viscosity Coefficient (m2/s) (Div Pt)
   129 |VISCA4D |100 |       |SM      MR|m^4/s           |Biharmonic Viscosity Coefficient (m4/s) (Div Pt)
   130 |VISCAHW |100 |       |WM      LR|m^2/s           |Harmonic Viscosity Coefficient (m2/s) (W Pt)
   131 |VISCA4W |100 |       |WM      LR|m^4/s           |Biharmonic Viscosity Coefficient (m4/s) (W Pt)
   132 |VAHZMAX |100 |       |SZ      MR|m^2/s           |CFL-MAX Harm Visc Coefficient (m2/s) (Zeta Pt)
   133 |VA4ZMAX |100 |       |SZ      MR|m^4/s           |CFL-MAX Biharm Visc Coefficient (m4/s) (Zeta Pt)
   134 |VAHDMAX |100 |       |SM      MR|m^2/s           |CFL-MAX Harm Visc Coefficient (m2/s) (Div Pt)
   135 |VA4DMAX |100 |       |SM      MR|m^4/s           |CFL-MAX Biharm Visc Coefficient (m4/s) (Div Pt)
   136 |VAHZMIN |100 |       |SZ      MR|m^2/s           |RE-MIN Harm Visc Coefficient (m2/s) (Zeta Pt)
   137 |VA4ZMIN |100 |       |SZ      MR|m^4/s           |RE-MIN Biharm Visc Coefficient (m4/s) (Zeta Pt)
   138 |VAHDMIN |100 |       |SM      MR|m^2/s           |RE-MIN Harm Visc Coefficient (m2/s) (Div Pt)
   139 |VA4DMIN |100 |       |SM      MR|m^4/s           |RE-MIN Biharm Visc Coefficient (m4/s) (Div Pt)
   140 |VAHZLTH |100 |       |SZ      MR|m^2/s           |Leith Harm Visc Coefficient (m2/s) (Zeta Pt)
   141 |VA4ZLTH |100 |       |SZ      MR|m^4/s           |Leith Biharm Visc Coefficient (m4/s) (Zeta Pt)
   142 |VAHDLTH |100 |       |SM      MR|m^2/s           |Leith Harm Visc Coefficient (m2/s) (Div Pt)
   143 |VA4DLTH |100 |       |SM      MR|m^4/s           |Leith Biharm Visc Coefficient (m4/s) (Div Pt)
   144 |VAHZLTHD|100 |       |SZ      MR|m^2/s           |LeithD Harm Visc Coefficient (m2/s) (Zeta Pt)
   145 |VA4ZLTHD|100 |       |SZ      MR|m^4/s           |LeithD Biharm Visc Coefficient (m4/s) (Zeta Pt)
   146 |VAHDLTHD|100 |       |SM      MR|m^2/s           |LeithD Harm Visc Coefficient (m2/s) (Div Pt)
   147 |VA4DLTHD|100 |       |SM      MR|m^4/s           |LeithD Biharm Visc Coefficient (m4/s) (Div Pt)
   148 |VAHZSMAG|100 |       |SZ      MR|m^2/s           |Smagorinsky Harm Visc Coefficient (m2/s) (Zeta Pt)
   149 |VA4ZSMAG|100 |       |SZ      MR|m^4/s           |Smagorinsky Biharm Visc Coeff. (m4/s) (Zeta Pt)
   150 |VAHDSMAG|100 |       |SM      MR|m^2/s           |Smagorinsky Harm Visc Coefficient (m2/s) (Div Pt)
   151 |VA4DSMAG|100 |       |SM      MR|m^4/s           |Smagorinsky Biharm Visc Coeff. (m4/s) (Div Pt)
   152 |momKE   |100 |       |SMR     MR|m^2/s^2         |Kinetic Energy (in momentum Eq.)
   153 |momHDiv |100 |       |SMR     MR|1/s             |Horizontal Divergence (in momentum Eq.)
   154 |momVort3|100 |       |SZR     MR|1/s             |3rd component (vertical) of Vorticity
   155 |Strain  |100 |       |SZR     MR|1/s             |Horizontal Strain of Horizontal Velocities
   156 |Tension |100 |       |SMR     MR|1/s             |Horizontal Tension of Horizontal Velocities
   157 |Stretch |100 |       |SM      MR|1/s             |Vortex stretching from QG Leith dynamic viscosity
   158 |USidDrag|100 |   159 |UUR     MR|m/s^2           |U momentum tendency from Side Drag
   159 |VSidDrag|100 |   158 |VVR     MR|m/s^2           |V momentum tendency from Side Drag
   160 |Um_Diss |100 |   161 |UUR     MR|m/s^2           |U momentum tendency from Dissipation (Explicit part)
   161 |Vm_Diss |100 |   160 |VVR     MR|m/s^2           |V momentum tendency from Dissipation (Explicit part)
   162 |Um_ImplD|100 |   163 |UUR     MR|m/s^2           |U momentum tendency from Dissipation (Implicit part)
   163 |Vm_ImplD|100 |   162 |VVR     MR|m/s^2           |V momentum tendency from Dissipation (Implicit part)
   164 |Um_Advec|100 |   165 |UUR     MR|m/s^2           |U momentum tendency from Advection terms
   165 |Vm_Advec|100 |   164 |VVR     MR|m/s^2           |V momentum tendency from Advection terms
   166 |Um_Cori |100 |   167 |UUR     MR|m/s^2           |U momentum tendency from Coriolis term
   167 |Vm_Cori |100 |   166 |VVR     MR|m/s^2           |V momentum tendency from Coriolis term
   168 |Um_dPhiX|100 |   169 |UUR     MR|m/s^2           |U momentum tendency from Pressure/Potential grad
   169 |Vm_dPhiY|100 |   168 |VVR     MR|m/s^2           |V momentum tendency from Pressure/Potential grad
   170 |Um_Ext  |100 |   171 |UUR     MR|m/s^2           |U momentum tendency from external forcing
   171 |Vm_Ext  |100 |   170 |VVR     MR|m/s^2           |V momentum tendency from external forcing
   172 |Um_hDis2|100 |   173 |UUR     MR|m/s^2           |U momentum tendency from harmonic visc alone
   173 |Vm_hDis2|100 |   172 |VVR     MR|m/s^2           |V momentum tendency from harmonic visc alone
   174 |Um_hDis4|100 |   175 |UUR     MR|m/s^2           |U momentum tendency from biharmonic visc alone
   175 |Vm_hDis4|100 |   174 |VVR     MR|m/s^2           |V momentum tendency from biharmonic visc alone
   176 |Um_AdvZ3|100 |   177 |UUR     MR|m/s^2           |U momentum tendency from Vorticity Advection
   177 |Vm_AdvZ3|100 |   176 |VVR     MR|m/s^2           |V momentum tendency from Vorticity Advection
   178 |Um_AdvRe|100 |   179 |UUR     MR|m/s^2           |U momentum tendency from vertical Advection (Explicit part)
   179 |Vm_AdvRe|100 |   178 |VVR     MR|m/s^2           |V momentum tendency from vertical Advection (Explicit part)
   180 |Um_Metr |100 |   181 |UUR     MR|m/s^2           |U momentum tendency from Metric terms
   181 |Vm_Metr |100 |   180 |VVR     MR|m/s^2           |V momentum tendency from Metric terms
   182 |botTauX |  1 |   183 |UU      U1|N/m^2           |zonal bottom stress, >0 increases uVel
   183 |botTauY |  1 |   182 |VV      U1|N/m^2           |meridional bottom stress, >0 increases vVel
   184 |ADVx_Um |100 |   185 |UM      MR|m^4/s^2         |Zonal      Advective Flux of U momentum
   185 |ADVy_Um |100 |   184 |VZ      MR|m^4/s^2         |Meridional Advective Flux of U momentum
   186 |ADVrE_Um|100 |       |WU      LR|m^4/s^2         |Vertical   Advective Flux of U momentum (Explicit part)
   187 |ADVx_Vm |100 |   188 |UZ      MR|m^4/s^2         |Zonal      Advective Flux of V momentum
   188 |ADVy_Vm |100 |   187 |VM      MR|m^4/s^2         |Meridional Advective Flux of V momentum
   189 |ADVrE_Vm|100 |       |WV      LR|m^4/s^2         |Vertical   Advective Flux of V momentum (Explicit part)
   190 |VISCx_Um|100 |   191 |UM      MR|m^4/s^2         |Zonal      Viscous Flux of U momentum
   191 |VISCy_Um|100 |   190 |VZ      MR|m^4/s^2         |Meridional Viscous Flux of U momentum
   192 |VISrE_Um|100 |       |WU      LR|m^4/s^2         |Vertical   Viscous Flux of U momentum (Explicit part)
   193 |VISrI_Um|100 |       |WU      LR|m^4/s^2         |Vertical   Viscous Flux of U momentum (Implicit part)
   194 |VISCx_Vm|100 |   195 |UZ      MR|m^4/s^2         |Zonal      Viscous Flux of V momentum
   195 |VISCy_Vm|100 |   194 |VM      MR|m^4/s^2         |Meridional Viscous Flux of V momentum
   196 |VISrE_Vm|100 |       |WV      LR|m^4/s^2         |Vertical   Viscous Flux of V momentum (Explicit part)
   197 |VISrI_Vm|100 |       |WV      LR|m^4/s^2         |Vertical   Viscous Flux of V momentum (Implicit part)
   198 |GM_hTrsL|  1 |       |SM P    M1|m               |Base depth (>0) of the Transition Layer
   199 |GM_baseS|  1 |       |SM P    M1|1               |Slope at the base of the Transition Layer
------------------------------------------------------------------------------------
  Num  |<-Name->|Levs|  mate |<- code ->|<--  Units   -->|<- Tile (max=80c)         
------------------------------------------------------------------------------------
   200 |GM_rLamb|  1 |       |SM P    M1|1/m             |Slope vertical gradient at Trans. Layer Base (=recip.Lambda)
   201 |EntDepth|  1 |       |SM P    M1|m               |Sub-Meso Entrainment Depth (he) (>0)
   202 |SubMesLf|  1 |       |SM P    M1|m               |Sub-Meso horiz. Length Scale (Lf)
   203 |SubMpsiX|  1 |   204 |UU      M1|m^2/s           |Sub-Meso transp.stream-funct. magnitude (Psi0): U component
   204 |SubMpsiY|  1 |   203 |VV      M1|m^2/s           |Sub-Meso transp.stream-funct. magnitude (Psi0): V component
   205 |GM_Kux  |100 |   206 |UU P    MR|m^2/s           |K_11 element (U.point, X.dir) of GM-Redi tensor
   206 |GM_Kvy  |100 |   205 |VV P    MR|m^2/s           |K_22 element (V.point, Y.dir) of GM-Redi tensor
   207 |GM_Kuz  |100 |   208 |UU      MR|m^2/s           |K_13 element (U.point, Z.dir) of GM-Redi tensor
   208 |GM_Kvz  |100 |   207 |VV      MR|m^2/s           |K_23 element (V.point, Z.dir) of GM-Redi tensor
   209 |GM_Kwx  |100 |   210 |UM      LR|m^2/s           |K_31 element (W.point, X.dir) of GM-Redi tensor
   210 |GM_Kwy  |100 |   209 |VM      LR|m^2/s           |K_32 element (W.point, Y.dir) of GM-Redi tensor
   211 |GM_Kwz  |100 |       |WM P    LR|m^2/s           |K_33 element (W.point, Z.dir) of GM-Redi tensor
   212 |GM_PsiX |100 |   213 |UU      LR|m^2/s           |GM Bolus transport stream-function : U component
   213 |GM_PsiY |100 |   212 |VV      LR|m^2/s           |GM Bolus transport stream-function : V component
   214 |GM_KuzTz|100 |   215 |UU      MR|degC.m^3/s      |Redi Off-diagonal Temperature flux: X component
   215 |GM_KvzTz|100 |   214 |VV      MR|degC.m^3/s      |Redi Off-diagonal Temperature flux: Y component
   216 |GM_KwzTz|100 |       |WM      LR|degC.m^3/s      |Redi main-diagonal vertical Temperature flux
   217 |GM_ubT  |100 |   218 |UUr     MR|degC.m^3/s      |Zonal Mass-Weight Bolus Transp of Pot Temp
   218 |GM_vbT  |100 |   217 |VVr     MR|degC.m^3/s      |Meridional Mass-Weight Bolus Transp of Pot Temp
   219 |GM_BVPcW|  1 |   220 |SU P    M1|m/s             |WKB wave speed (at Western edge location)
   220 |GM_BVPcS|  1 |   219 |SV P    M1|m/s             |WKB wave speed (at Southern edge location)
   221 |TRAC01  |100 |       |SMR     MR|kg/kg           |pt24 concentration
   222 |UTRAC01 |100 |   223 |UUr     MR|kg/kg.m/s       |Zonal Mass-Weighted Transp of pt24
   223 |VTRAC01 |100 |   222 |VVr     MR|kg/kg.m/s       |Merid Mass-Weighted Transp of pt24
   224 |WTRAC01 |100 |       |WM      MR|kg/kg.m/s       |Vert  Mass-Weighted Transp of pt24
   225 |ForcTr01|100 |       |SMR     MR|kg/kg/s         |pt24 forcing tendency
   226 |AB_gTr01|100 |       |SMR     MR|kg/kg/s         |pt24 tendency from Adams-Bashforth
   227 |Tp_gTr01|100 |       |SMR     MR|kg/kg/s         |pt24 total transport tendency (before gchem_forcing_sep)
   228 |ADVrTr01|100 |       |WM      LR|kg/kg.m^3/s     |Vertical   Advective Flux of pt24
   229 |ADVxTr01|100 |   230 |UU      MR|kg/kg.m^3/s     |Zonal      Advective Flux of pt24
   230 |ADVyTr01|100 |   229 |VV      MR|kg/kg.m^3/s     |Meridional Advective Flux of pt24
   231 |DFrETr01|100 |       |WM      LR|kg/kg.m^3/s     |Vertical Diffusive Flux of pt24 (Explicit part)
   232 |DFxETr01|100 |   233 |UU      MR|kg/kg.m^3/s     |Zonal      Diffusive Flux of pt24
   233 |DFyETr01|100 |   232 |VV      MR|kg/kg.m^3/s     |Meridional Diffusive Flux of pt24
   234 |DFrITr01|100 |       |WM      LR|kg/kg.m^3/s     |Vertical Diffusive Flux of pt24 (Implicit part)
   235 |TRAC02  |100 |       |SMR     MR|kg/kg           |pt25 concentration
   236 |UTRAC02 |100 |   237 |UUr     MR|kg/kg.m/s       |Zonal Mass-Weighted Transp of pt25
   237 |VTRAC02 |100 |   236 |VVr     MR|kg/kg.m/s       |Merid Mass-Weighted Transp of pt25
   238 |WTRAC02 |100 |       |WM      MR|kg/kg.m/s       |Vert  Mass-Weighted Transp of pt25
   239 |ForcTr02|100 |       |SMR     MR|kg/kg/s         |pt25 forcing tendency
   240 |AB_gTr02|100 |       |SMR     MR|kg/kg/s         |pt25 tendency from Adams-Bashforth
   241 |Tp_gTr02|100 |       |SMR     MR|kg/kg/s         |pt25 total transport tendency (before gchem_forcing_sep)
   242 |ADVrTr02|100 |       |WM      LR|kg/kg.m^3/s     |Vertical   Advective Flux of pt25
   243 |ADVxTr02|100 |   244 |UU      MR|kg/kg.m^3/s     |Zonal      Advective Flux of pt25
   244 |ADVyTr02|100 |   243 |VV      MR|kg/kg.m^3/s     |Meridional Advective Flux of pt25
   245 |DFrETr02|100 |       |WM      LR|kg/kg.m^3/s     |Vertical Diffusive Flux of pt25 (Explicit part)
   246 |DFxETr02|100 |   247 |UU      MR|kg/kg.m^3/s     |Zonal      Diffusive Flux of pt25
   247 |DFyETr02|100 |   246 |VV      MR|kg/kg.m^3/s     |Meridional Diffusive Flux of pt25
   248 |DFrITr02|100 |       |WM      LR|kg/kg.m^3/s     |Vertical Diffusive Flux of pt25 (Implicit part)
   249 |TRAC03  |100 |       |SMR     MR|kg/kg           |pt34 concentration
   250 |UTRAC03 |100 |   251 |UUr     MR|kg/kg.m/s       |Zonal Mass-Weighted Transp of pt34
   251 |VTRAC03 |100 |   250 |VVr     MR|kg/kg.m/s       |Merid Mass-Weighted Transp of pt34
   252 |WTRAC03 |100 |       |WM      MR|kg/kg.m/s       |Vert  Mass-Weighted Transp of pt34
   253 |ForcTr03|100 |       |SMR     MR|kg/kg/s         |pt34 forcing tendency
   254 |AB_gTr03|100 |       |SMR     MR|kg/kg/s         |pt34 tendency from Adams-Bashforth
   255 |Tp_gTr03|100 |       |SMR     MR|kg/kg/s         |pt34 total transport tendency (before gchem_forcing_sep)
   256 |ADVrTr03|100 |       |WM      LR|kg/kg.m^3/s     |Vertical   Advective Flux of pt34
   257 |ADVxTr03|100 |   258 |UU      MR|kg/kg.m^3/s     |Zonal      Advective Flux of pt34
   258 |ADVyTr03|100 |   257 |VV      MR|kg/kg.m^3/s     |Meridional Advective Flux of pt34
   259 |DFrETr03|100 |       |WM      LR|kg/kg.m^3/s     |Vertical Diffusive Flux of pt34 (Explicit part)
   260 |DFxETr03|100 |   261 |UU      MR|kg/kg.m^3/s     |Zonal      Diffusive Flux of pt34
   261 |DFyETr03|100 |   260 |VV      MR|kg/kg.m^3/s     |Meridional Diffusive Flux of pt34
   262 |DFrITr03|100 |       |WM      LR|kg/kg.m^3/s     |Vertical Diffusive Flux of pt34 (Implicit part)
   263 |TRAC04  |100 |       |SMR     MR|kg/kg           |pt35 concentration
   264 |UTRAC04 |100 |   265 |UUr     MR|kg/kg.m/s       |Zonal Mass-Weighted Transp of pt35
   265 |VTRAC04 |100 |   264 |VVr     MR|kg/kg.m/s       |Merid Mass-Weighted Transp of pt35
   266 |WTRAC04 |100 |       |WM      MR|kg/kg.m/s       |Vert  Mass-Weighted Transp of pt35
   267 |ForcTr04|100 |       |SMR     MR|kg/kg/s         |pt35 forcing tendency
   268 |AB_gTr04|100 |       |SMR     MR|kg/kg/s         |pt35 tendency from Adams-Bashforth
   269 |Tp_gTr04|100 |       |SMR     MR|kg/kg/s         |pt35 total transport tendency (before gchem_forcing_sep)
   270 |ADVrTr04|100 |       |WM      LR|kg/kg.m^3/s     |Vertical   Advective Flux of pt35
   271 |ADVxTr04|100 |   272 |UU      MR|kg/kg.m^3/s     |Zonal      Advective Flux of pt35
   272 |ADVyTr04|100 |   271 |VV      MR|kg/kg.m^3/s     |Meridional Advective Flux of pt35
   273 |DFrETr04|100 |       |WM      LR|kg/kg.m^3/s     |Vertical Diffusive Flux of pt35 (Explicit part)
   274 |DFxETr04|100 |   275 |UU      MR|kg/kg.m^3/s     |Zonal      Diffusive Flux of pt35
   275 |DFyETr04|100 |   274 |VV      MR|kg/kg.m^3/s     |Meridional Diffusive Flux of pt35
   276 |DFrITr04|100 |       |WM      LR|kg/kg.m^3/s     |Vertical Diffusive Flux of pt35 (Implicit part)
   277 |TRAC05  |100 |       |SMR     MR|kg/kg           |pt37 concentration
   278 |UTRAC05 |100 |   279 |UUr     MR|kg/kg.m/s       |Zonal Mass-Weighted Transp of pt37
   279 |VTRAC05 |100 |   278 |VVr     MR|kg/kg.m/s       |Merid Mass-Weighted Transp of pt37
   280 |WTRAC05 |100 |       |WM      MR|kg/kg.m/s       |Vert  Mass-Weighted Transp of pt37
   281 |ForcTr05|100 |       |SMR     MR|kg/kg/s         |pt37 forcing tendency
   282 |AB_gTr05|100 |       |SMR     MR|kg/kg/s         |pt37 tendency from Adams-Bashforth
   283 |Tp_gTr05|100 |       |SMR     MR|kg/kg/s         |pt37 total transport tendency (before gchem_forcing_sep)
   284 |ADVrTr05|100 |       |WM      LR|kg/kg.m^3/s     |Vertical   Advective Flux of pt37
   285 |ADVxTr05|100 |   286 |UU      MR|kg/kg.m^3/s     |Zonal      Advective Flux of pt37
   286 |ADVyTr05|100 |   285 |VV      MR|kg/kg.m^3/s     |Meridional Advective Flux of pt37
   287 |DFrETr05|100 |       |WM      LR|kg/kg.m^3/s     |Vertical Diffusive Flux of pt37 (Explicit part)
   288 |DFxETr05|100 |   289 |UU      MR|kg/kg.m^3/s     |Zonal      Diffusive Flux of pt37
   289 |DFyETr05|100 |   288 |VV      MR|kg/kg.m^3/s     |Meridional Diffusive Flux of pt37
   290 |DFrITr05|100 |       |WM      LR|kg/kg.m^3/s     |Vertical Diffusive Flux of pt37 (Implicit part)
   291 |TRAC06  |100 |       |SMR     MR|kg/kg           |Tracer 0006 concentration
   292 |UTRAC06 |100 |   293 |UUr     MR|kg/kg.m/s       |Zonal Mass-Weighted Transp of Tracer 0006
   293 |VTRAC06 |100 |   292 |VVr     MR|kg/kg.m/s       |Merid Mass-Weighted Transp of Tracer 0006
   294 |WTRAC06 |100 |       |WM      MR|kg/kg.m/s       |Vert  Mass-Weighted Transp of Tracer 0006
   295 |ForcTr06|100 |       |SMR     MR|kg/kg/s         |Tracer 0006 forcing tendency
   296 |AB_gTr06|100 |       |SMR     MR|kg/kg/s         |Tracer 0006 tendency from Adams-Bashforth
   297 |Tp_gTr06|100 |       |SMR     MR|kg/kg/s         |Tracer 0006 total transport tendency (before gchem_forcing_sep)
   298 |ADVrTr06|100 |       |WM      LR|kg/kg.m^3/s     |Vertical   Advective Flux of Tracer 0006
   299 |ADVxTr06|100 |   300 |UU      MR|kg/kg.m^3/s     |Zonal      Advective Flux of Tracer 0006
------------------------------------------------------------------------------------
  Num  |<-Name->|Levs|  mate |<- code ->|<--  Units   -->|<- Tile (max=80c)         
------------------------------------------------------------------------------------
   300 |ADVyTr06|100 |   299 |VV      MR|kg/kg.m^3/s     |Meridional Advective Flux of Tracer 0006
   301 |DFrETr06|100 |       |WM      LR|kg/kg.m^3/s     |Vertical Diffusive Flux of Tracer 0006 (Explicit part)
   302 |DFxETr06|100 |   303 |UU      MR|kg/kg.m^3/s     |Zonal      Diffusive Flux of Tracer 0006
   303 |DFyETr06|100 |   302 |VV      MR|kg/kg.m^3/s     |Meridional Diffusive Flux of Tracer 0006
   304 |DFrITr06|100 |       |WM      LR|kg/kg.m^3/s     |Vertical Diffusive Flux of Tracer 0006 (Implicit part)
   305 |TRAC07  |100 |       |SMR     MR|kg/kg           |Tracer 0007 concentration
   306 |UTRAC07 |100 |   307 |UUr     MR|kg/kg.m/s       |Zonal Mass-Weighted Transp of Tracer 0007
   307 |VTRAC07 |100 |   306 |VVr     MR|kg/kg.m/s       |Merid Mass-Weighted Transp of Tracer 0007
   308 |WTRAC07 |100 |       |WM      MR|kg/kg.m/s       |Vert  Mass-Weighted Transp of Tracer 0007
   309 |ForcTr07|100 |       |SMR     MR|kg/kg/s         |Tracer 0007 forcing tendency
   310 |AB_gTr07|100 |       |SMR     MR|kg/kg/s         |Tracer 0007 tendency from Adams-Bashforth
   311 |Tp_gTr07|100 |       |SMR     MR|kg/kg/s         |Tracer 0007 total transport tendency (before gchem_forcing_sep)
   312 |ADVrTr07|100 |       |WM      LR|kg/kg.m^3/s     |Vertical   Advective Flux of Tracer 0007
   313 |ADVxTr07|100 |   314 |UU      MR|kg/kg.m^3/s     |Zonal      Advective Flux of Tracer 0007
   314 |ADVyTr07|100 |   313 |VV      MR|kg/kg.m^3/s     |Meridional Advective Flux of Tracer 0007
   315 |DFrETr07|100 |       |WM      LR|kg/kg.m^3/s     |Vertical Diffusive Flux of Tracer 0007 (Explicit part)
   316 |DFxETr07|100 |   317 |UU      MR|kg/kg.m^3/s     |Zonal      Diffusive Flux of Tracer 0007
   317 |DFyETr07|100 |   316 |VV      MR|kg/kg.m^3/s     |Meridional Diffusive Flux of Tracer 0007
   318 |DFrITr07|100 |       |WM      LR|kg/kg.m^3/s     |Vertical Diffusive Flux of Tracer 0007 (Implicit part)
   319 |TRAC08  |100 |       |SMR     MR|kg/kg           |Tracer 0008 concentration
   320 |UTRAC08 |100 |   321 |UUr     MR|kg/kg.m/s       |Zonal Mass-Weighted Transp of Tracer 0008
   321 |VTRAC08 |100 |   320 |VVr     MR|kg/kg.m/s       |Merid Mass-Weighted Transp of Tracer 0008
   322 |WTRAC08 |100 |       |WM      MR|kg/kg.m/s       |Vert  Mass-Weighted Transp of Tracer 0008
   323 |ForcTr08|100 |       |SMR     MR|kg/kg/s         |Tracer 0008 forcing tendency
   324 |AB_gTr08|100 |       |SMR     MR|kg/kg/s         |Tracer 0008 tendency from Adams-Bashforth
   325 |Tp_gTr08|100 |       |SMR     MR|kg/kg/s         |Tracer 0008 total transport tendency (before gchem_forcing_sep)
   326 |ADVrTr08|100 |       |WM      LR|kg/kg.m^3/s     |Vertical   Advective Flux of Tracer 0008
   327 |ADVxTr08|100 |   328 |UU      MR|kg/kg.m^3/s     |Zonal      Advective Flux of Tracer 0008
   328 |ADVyTr08|100 |   327 |VV      MR|kg/kg.m^3/s     |Meridional Advective Flux of Tracer 0008
   329 |DFrETr08|100 |       |WM      LR|kg/kg.m^3/s     |Vertical Diffusive Flux of Tracer 0008 (Explicit part)
   330 |DFxETr08|100 |   331 |UU      MR|kg/kg.m^3/s     |Zonal      Diffusive Flux of Tracer 0008
   331 |DFyETr08|100 |   330 |VV      MR|kg/kg.m^3/s     |Meridional Diffusive Flux of Tracer 0008
   332 |DFrITr08|100 |       |WM      LR|kg/kg.m^3/s     |Vertical Diffusive Flux of Tracer 0008 (Implicit part)
   333 |TRAC09  |100 |       |SMR     MR|kg/kg           |Tracer 0009 concentration
   334 |UTRAC09 |100 |   335 |UUr     MR|kg/kg.m/s       |Zonal Mass-Weighted Transp of Tracer 0009
   335 |VTRAC09 |100 |   334 |VVr     MR|kg/kg.m/s       |Merid Mass-Weighted Transp of Tracer 0009
   336 |WTRAC09 |100 |       |WM      MR|kg/kg.m/s       |Vert  Mass-Weighted Transp of Tracer 0009
   337 |ForcTr09|100 |       |SMR     MR|kg/kg/s         |Tracer 0009 forcing tendency
   338 |AB_gTr09|100 |       |SMR     MR|kg/kg/s         |Tracer 0009 tendency from Adams-Bashforth
   339 |Tp_gTr09|100 |       |SMR     MR|kg/kg/s         |Tracer 0009 total transport tendency (before gchem_forcing_sep)
   340 |ADVrTr09|100 |       |WM      LR|kg/kg.m^3/s     |Vertical   Advective Flux of Tracer 0009
   341 |ADVxTr09|100 |   342 |UU      MR|kg/kg.m^3/s     |Zonal      Advective Flux of Tracer 0009
   342 |ADVyTr09|100 |   341 |VV      MR|kg/kg.m^3/s     |Meridional Advective Flux of Tracer 0009
   343 |DFrETr09|100 |       |WM      LR|kg/kg.m^3/s     |Vertical Diffusive Flux of Tracer 0009 (Explicit part)
   344 |DFxETr09|100 |   345 |UU      MR|kg/kg.m^3/s     |Zonal      Diffusive Flux of Tracer 0009
   345 |DFyETr09|100 |   344 |VV      MR|kg/kg.m^3/s     |Meridional Diffusive Flux of Tracer 0009
   346 |DFrITr09|100 |       |WM      LR|kg/kg.m^3/s     |Vertical Diffusive Flux of Tracer 0009 (Implicit part)
   347 |TRAC10  |100 |       |SMR     MR|kg/kg           |Tracer 0010 concentration
   348 |UTRAC10 |100 |   349 |UUr     MR|kg/kg.m/s       |Zonal Mass-Weighted Transp of Tracer 0010
   349 |VTRAC10 |100 |   348 |VVr     MR|kg/kg.m/s       |Merid Mass-Weighted Transp of Tracer 0010
   350 |WTRAC10 |100 |       |WM      MR|kg/kg.m/s       |Vert  Mass-Weighted Transp of Tracer 0010
   351 |ForcTr10|100 |       |SMR     MR|kg/kg/s         |Tracer 0010 forcing tendency
   352 |AB_gTr10|100 |       |SMR     MR|kg/kg/s         |Tracer 0010 tendency from Adams-Bashforth
   353 |Tp_gTr10|100 |       |SMR     MR|kg/kg/s         |Tracer 0010 total transport tendency (before gchem_forcing_sep)
   354 |ADVrTr10|100 |       |WM      LR|kg/kg.m^3/s     |Vertical   Advective Flux of Tracer 0010
   355 |ADVxTr10|100 |   356 |UU      MR|kg/kg.m^3/s     |Zonal      Advective Flux of Tracer 0010
   356 |ADVyTr10|100 |   355 |VV      MR|kg/kg.m^3/s     |Meridional Advective Flux of Tracer 0010
   357 |DFrETr10|100 |       |WM      LR|kg/kg.m^3/s     |Vertical Diffusive Flux of Tracer 0010 (Explicit part)
   358 |DFxETr10|100 |   359 |UU      MR|kg/kg.m^3/s     |Zonal      Diffusive Flux of Tracer 0010
   359 |DFyETr10|100 |   358 |VV      MR|kg/kg.m^3/s     |Meridional Diffusive Flux of Tracer 0010
   360 |DFrITr10|100 |       |WM      LR|kg/kg.m^3/s     |Vertical Diffusive Flux of Tracer 0010 (Implicit part)
   361 |TRAC11  |100 |       |SMR     MR|kg/kg           |Tracer 0011 concentration
   362 |UTRAC11 |100 |   363 |UUr     MR|kg/kg.m/s       |Zonal Mass-Weighted Transp of Tracer 0011
   363 |VTRAC11 |100 |   362 |VVr     MR|kg/kg.m/s       |Merid Mass-Weighted Transp of Tracer 0011
   364 |WTRAC11 |100 |       |WM      MR|kg/kg.m/s       |Vert  Mass-Weighted Transp of Tracer 0011
   365 |ForcTr11|100 |       |SMR     MR|kg/kg/s         |Tracer 0011 forcing tendency
   366 |AB_gTr11|100 |       |SMR     MR|kg/kg/s         |Tracer 0011 tendency from Adams-Bashforth
   367 |Tp_gTr11|100 |       |SMR     MR|kg/kg/s         |Tracer 0011 total transport tendency (before gchem_forcing_sep)
   368 |ADVrTr11|100 |       |WM      LR|kg/kg.m^3/s     |Vertical   Advective Flux of Tracer 0011
   369 |ADVxTr11|100 |   370 |UU      MR|kg/kg.m^3/s     |Zonal      Advective Flux of Tracer 0011
   370 |ADVyTr11|100 |   369 |VV      MR|kg/kg.m^3/s     |Meridional Advective Flux of Tracer 0011
   371 |DFrETr11|100 |       |WM      LR|kg/kg.m^3/s     |Vertical Diffusive Flux of Tracer 0011 (Explicit part)
   372 |DFxETr11|100 |   373 |UU      MR|kg/kg.m^3/s     |Zonal      Diffusive Flux of Tracer 0011
   373 |DFyETr11|100 |   372 |VV      MR|kg/kg.m^3/s     |Meridional Diffusive Flux of Tracer 0011
   374 |DFrITr11|100 |       |WM      LR|kg/kg.m^3/s     |Vertical Diffusive Flux of Tracer 0011 (Implicit part)
   375 |TRAC12  |100 |       |SMR     MR|kg/kg           |Tracer 0012 concentration
   376 |UTRAC12 |100 |   377 |UUr     MR|kg/kg.m/s       |Zonal Mass-Weighted Transp of Tracer 0012
   377 |VTRAC12 |100 |   376 |VVr     MR|kg/kg.m/s       |Merid Mass-Weighted Transp of Tracer 0012
   378 |WTRAC12 |100 |       |WM      MR|kg/kg.m/s       |Vert  Mass-Weighted Transp of Tracer 0012
   379 |ForcTr12|100 |       |SMR     MR|kg/kg/s         |Tracer 0012 forcing tendency
   380 |AB_gTr12|100 |       |SMR     MR|kg/kg/s         |Tracer 0012 tendency from Adams-Bashforth
   381 |Tp_gTr12|100 |       |SMR     MR|kg/kg/s         |Tracer 0012 total transport tendency (before gchem_forcing_sep)
   382 |ADVrTr12|100 |       |WM      LR|kg/kg.m^3/s     |Vertical   Advective Flux of Tracer 0012
   383 |ADVxTr12|100 |   384 |UU      MR|kg/kg.m^3/s     |Zonal      Advective Flux of Tracer 0012
   384 |ADVyTr12|100 |   383 |VV      MR|kg/kg.m^3/s     |Meridional Advective Flux of Tracer 0012
   385 |DFrETr12|100 |       |WM      LR|kg/kg.m^3/s     |Vertical Diffusive Flux of Tracer 0012 (Explicit part)
   386 |DFxETr12|100 |   387 |UU      MR|kg/kg.m^3/s     |Zonal      Diffusive Flux of Tracer 0012
   387 |DFyETr12|100 |   386 |VV      MR|kg/kg.m^3/s     |Meridional Diffusive Flux of Tracer 0012
   388 |DFrITr12|100 |       |WM      LR|kg/kg.m^3/s     |Vertical Diffusive Flux of Tracer 0012 (Implicit part)
   389 |TRAC13  |100 |       |SMR     MR|kg/kg           |Tracer 0013 concentration
   390 |UTRAC13 |100 |   391 |UUr     MR|kg/kg.m/s       |Zonal Mass-Weighted Transp of Tracer 0013
   391 |VTRAC13 |100 |   390 |VVr     MR|kg/kg.m/s       |Merid Mass-Weighted Transp of Tracer 0013
   392 |WTRAC13 |100 |       |WM      MR|kg/kg.m/s       |Vert  Mass-Weighted Transp of Tracer 0013
   393 |ForcTr13|100 |       |SMR     MR|kg/kg/s         |Tracer 0013 forcing tendency
   394 |AB_gTr13|100 |       |SMR     MR|kg/kg/s         |Tracer 0013 tendency from Adams-Bashforth
   395 |Tp_gTr13|100 |       |SMR     MR|kg/kg/s         |Tracer 0013 total transport tendency (before gchem_forcing_sep)
   396 |ADVrTr13|100 |       |WM      LR|kg/kg.m^3/s     |Vertical   Advective Flux of Tracer 0013
   397 |ADVxTr13|100 |   398 |UU      MR|kg/kg.m^3/s     |Zonal      Advective Flux of Tracer 0013
   398 |ADVyTr13|100 |   397 |VV      MR|kg/kg.m^3/s     |Meridional Advective Flux of Tracer 0013
   399 |DFrETr13|100 |       |WM      LR|kg/kg.m^3/s     |Vertical Diffusive Flux of Tracer 0013 (Explicit part)
------------------------------------------------------------------------------------
  Num  |<-Name->|Levs|  mate |<- code ->|<--  Units   -->|<- Tile (max=80c)         
------------------------------------------------------------------------------------
   400 |DFxETr13|100 |   401 |UU      MR|kg/kg.m^3/s     |Zonal      Diffusive Flux of Tracer 0013
   401 |DFyETr13|100 |   400 |VV      MR|kg/kg.m^3/s     |Meridional Diffusive Flux of Tracer 0013
   402 |DFrITr13|100 |       |WM      LR|kg/kg.m^3/s     |Vertical Diffusive Flux of Tracer 0013 (Implicit part)
   403 |TRAC14  |100 |       |SMR     MR|kg/kg           |Tracer 0014 concentration
   404 |UTRAC14 |100 |   405 |UUr     MR|kg/kg.m/s       |Zonal Mass-Weighted Transp of Tracer 0014
   405 |VTRAC14 |100 |   404 |VVr     MR|kg/kg.m/s       |Merid Mass-Weighted Transp of Tracer 0014
   406 |WTRAC14 |100 |       |WM      MR|kg/kg.m/s       |Vert  Mass-Weighted Transp of Tracer 0014
   407 |ForcTr14|100 |       |SMR     MR|kg/kg/s         |Tracer 0014 forcing tendency
   408 |AB_gTr14|100 |       |SMR     MR|kg/kg/s         |Tracer 0014 tendency from Adams-Bashforth
   409 |Tp_gTr14|100 |       |SMR     MR|kg/kg/s         |Tracer 0014 total transport tendency (before gchem_forcing_sep)
   410 |ADVrTr14|100 |       |WM      LR|kg/kg.m^3/s     |Vertical   Advective Flux of Tracer 0014
   411 |ADVxTr14|100 |   412 |UU      MR|kg/kg.m^3/s     |Zonal      Advective Flux of Tracer 0014
   412 |ADVyTr14|100 |   411 |VV      MR|kg/kg.m^3/s     |Meridional Advective Flux of Tracer 0014
   413 |DFrETr14|100 |       |WM      LR|kg/kg.m^3/s     |Vertical Diffusive Flux of Tracer 0014 (Explicit part)
   414 |DFxETr14|100 |   415 |UU      MR|kg/kg.m^3/s     |Zonal      Diffusive Flux of Tracer 0014
   415 |DFyETr14|100 |   414 |VV      MR|kg/kg.m^3/s     |Meridional Diffusive Flux of Tracer 0014
   416 |DFrITr14|100 |       |WM      LR|kg/kg.m^3/s     |Vertical Diffusive Flux of Tracer 0014 (Implicit part)
   417 |TRAC15  |100 |       |SMR     MR|kg/kg           |Tracer 0015 concentration
   418 |UTRAC15 |100 |   419 |UUr     MR|kg/kg.m/s       |Zonal Mass-Weighted Transp of Tracer 0015
   419 |VTRAC15 |100 |   418 |VVr     MR|kg/kg.m/s       |Merid Mass-Weighted Transp of Tracer 0015
   420 |WTRAC15 |100 |       |WM      MR|kg/kg.m/s       |Vert  Mass-Weighted Transp of Tracer 0015
   421 |ForcTr15|100 |       |SMR     MR|kg/kg/s         |Tracer 0015 forcing tendency
   422 |AB_gTr15|100 |       |SMR     MR|kg/kg/s         |Tracer 0015 tendency from Adams-Bashforth
   423 |Tp_gTr15|100 |       |SMR     MR|kg/kg/s         |Tracer 0015 total transport tendency (before gchem_forcing_sep)
   424 |ADVrTr15|100 |       |WM      LR|kg/kg.m^3/s     |Vertical   Advective Flux of Tracer 0015
   425 |ADVxTr15|100 |   426 |UU      MR|kg/kg.m^3/s     |Zonal      Advective Flux of Tracer 0015
   426 |ADVyTr15|100 |   425 |VV      MR|kg/kg.m^3/s     |Meridional Advective Flux of Tracer 0015
   427 |DFrETr15|100 |       |WM      LR|kg/kg.m^3/s     |Vertical Diffusive Flux of Tracer 0015 (Explicit part)
   428 |DFxETr15|100 |   429 |UU      MR|kg/kg.m^3/s     |Zonal      Diffusive Flux of Tracer 0015
   429 |DFyETr15|100 |   428 |VV      MR|kg/kg.m^3/s     |Meridional Diffusive Flux of Tracer 0015
   430 |DFrITr15|100 |       |WM      LR|kg/kg.m^3/s     |Vertical Diffusive Flux of Tracer 0015 (Implicit part)
   431 |Add2EmP |  1 |       |SM      U1|kg/m^2/s        |additional EmP from salt relaxation
------------------------------------------------------------------------------------
  Num  |<-Name->|Levs|  mate |<- code ->|<--  Units   -->|<- Tile (max=80c)         
------------------------------------------------------------------------------------
