 Total Nb of available Diagnostics: ndiagt=   423
------------------------------------------------------------------------------------
  Num  |<-Name->|Levs|  mate |<- code ->|<--  Units   -->|<- Tile (max=80c)         
------------------------------------------------------------------------------------
     1 |SDIAG1  |  1 |       |SM      L1|user-defined    |User-Defined   Surface   Diagnostic  #1
     2 |SDIAG2  |  1 |       |SM      L1|user-defined    |User-Defined   Surface   Diagnostic  #2
     3 |SDIAG3  |  1 |       |SM      L1|user-defined    |User-Defined   Surface   Diagnostic  #3
     4 |SDIAG4  |  1 |       |SM      L1|user-defined    |User-Defined   Surface   Diagnostic  #4
     5 |SDIAG5  |  1 |       |SM      L1|user-defined    |User-Defined   Surface   Diagnostic  #5
     6 |SDIAG6  |  1 |       |SM      L1|user-defined    |User-Defined   Surface   Diagnostic  #6
     7 |SDIAG7  |  1 |       |SU      L1|user-defined    |User-Defined U.pt Surface Diagnostic #7
     8 |SDIAG8  |  1 |       |SV      L1|user-defined    |User-Defined V.pt Surface Diagnostic #8
     9 |SDIAG9  |  1 |    10 |UU      L1|user-defined    |User-Defined U.vector Surface Diag.  #9
    10 |SDIAG10 |  1 |     9 |VV      L1|user-defined    |User-Defined V.vector Surface Diag. #10
    11 |UDIAG1  |100 |       |SM      MR|user-defined    |User-Defined Model-Level Diagnostic  #1
    12 |UDIAG2  |100 |       |SM      MR|user-defined    |User-Defined Model-Level Diagnostic  #2
    13 |UDIAG3  |100 |       |SMR     MR|user-defined    |User-Defined Model-Level Diagnostic  #3
    14 |UDIAG4  |100 |       |SMR     MR|user-defined    |User-Defined Model-Level Diagnostic  #4
    15 |UDIAG5  |100 |       |SU      MR|user-defined    |User-Defined U.pt Model-Level Diag.  #5
    16 |UDIAG6  |100 |       |SV      MR|user-defined    |User-Defined V.pt Model-Level Diag.  #6
    17 |UDIAG7  |100 |    18 |UUR     MR|user-defined    |User-Defined U.vector Model-Lev Diag.#7
    18 |UDIAG8  |100 |    17 |VVR     MR|user-defined    |User-Defined V.vector Model-Lev Diag.#8
    19 |UDIAG9  |100 |       |SM      ML|user-defined    |User-Defined Phys-Level  Diagnostic  #9
    20 |UDIAG10 |100 |       |SM      ML|user-defined    |User-Defined Phys-Level  Diagnostic #10
    21 |SDIAGC  |  1 |    22 |SM  C   L1|user-defined    |User-Defined Counted Surface Diagnostic
    22 |SDIAGCC |  1 |       |SM      L1|count           |User-Defined Surface Diagnostic Counter
    23 |ETAN    |  1 |       |SM      M1|m               |Surface Height Anomaly
    24 |ETANSQ  |  1 |       |SM P    M1|m^2             |Square of Surface Height Anomaly
    25 |DETADT2 |  1 |       |SM      M1|m^2/s^2         |Square of Surface Height Anomaly Tendency
    26 |THETA   |100 |       |SMR     MR|degC            |Potential Temperature
    27 |SALT    |100 |       |SMR     MR|g/kg            |Salinity
    28 |RELHUM  |100 |       |SMR     MR|percent         |Relative Humidity
    29 |SALTanom|100 |       |SMR     MR|g/kg            |Salt anomaly (=SALT-35; g/kg)
    30 |UVEL    |100 |    31 |UUR     MR|m/s             |Zonal Component of Velocity (m/s)
    31 |VVEL    |100 |    30 |VVR     MR|m/s             |Meridional Component of Velocity (m/s)
    32 |WVEL    |100 |       |WM      LR|m/s             |Vertical Component of Velocity (r_units/s)
    33 |THETASQ |100 |       |SMRP    MR|degC^2          |Square of Potential Temperature
    34 |SALTSQ  |100 |       |SMRP    MR|(g/kg)^2        |Square of Salinity
    35 |SALTSQan|100 |       |SMRP    MR|(g/kg)^2        |Square of Salt anomaly (=(SALT-35)^2 (g^2/kg^2)
    36 |UVELSQ  |100 |    37 |UURP    MR|m^2/s^2         |Square of Zonal Comp of Velocity (m^2/s^2)
    37 |VVELSQ  |100 |    36 |VVRP    MR|m^2/s^2         |Square of Meridional Comp of Velocity (m^2/s^2)
    38 |WVELSQ  |100 |       |WM P    LR|m^2/s^2         |Square of Vertical Comp of Velocity
    39 |UE_VEL_C|100 |    40 |UMR     MR|m/s             |Eastward Velocity (m/s) (cell center)
    40 |VN_VEL_C|100 |    39 |VMR     MR|m/s             |Northward Velocity (m/s) (cell center)
    41 |UV_VEL_C|100 |    41 |UMR     MR|m^2/s^2         |Product of horizontal Comp of velocity (cell center)
    42 |UV_VEL_Z|100 |    42 |UZR     MR|m^2/s^2         |Meridional Transport of Zonal Momentum (m^2/s^2)
    43 |WU_VEL  |100 |       |WU      LR|m.m/s^2         |Vertical Transport of Zonal Momentum
    44 |WV_VEL  |100 |       |WV      LR|m.m/s^2         |Vertical Transport of Meridional Momentum
    45 |UVELMASS|100 |    46 |UUr     MR|m/s             |Zonal Mass-Weighted Comp of Velocity (m/s)
    46 |VVELMASS|100 |    45 |VVr     MR|m/s             |Meridional Mass-Weighted Comp of Velocity (m/s)
    47 |WVELMASS|100 |       |WM      LR|m/s             |Vertical Mass-Weighted Comp of Velocity
    48 |PhiVEL  |100 |    45 |SMR P   MR|m^2/s           |Horizontal Velocity Potential (m^2/s)
    49 |PsiVEL  |100 |    48 |SZ  P   MR|m.m^2/s         |Horizontal Velocity Stream-Function
    50 |UTHMASS |100 |    51 |UUr     MR|degC.m/s        |Zonal Mass-Weight Transp of Pot Temp
    51 |VTHMASS |100 |    50 |VVr     MR|degC.m/s        |Meridional Mass-Weight Transp of Pot Temp
    52 |WTHMASS |100 |       |WM      LR|degC.m/s        |Vertical Mass-Weight Transp of Pot Temp (K.m/s)
    53 |USLTMASS|100 |    54 |UUr     MR|g/kg.m/s        |Zonal Mass-Weight Transp of Salinity
    54 |VSLTMASS|100 |    53 |VVr     MR|g/kg.m/s        |Meridional Mass-Weight Transp of Salinity
    55 |WSLTMASS|100 |       |WM      LR|g/kg.m/s        |Vertical Mass-Weight Transp of Salinity
    56 |UVELTH  |100 |    57 |UUR     MR|degC.m/s        |Zonal Transport of Pot Temp
    57 |VVELTH  |100 |    56 |VVR     MR|degC.m/s        |Meridional Transport of Pot Temp
    58 |WVELTH  |100 |       |WM      LR|degC.m/s        |Vertical Transport of Pot Temp
    59 |UVELSLT |100 |    60 |UUR     MR|g/kg.m/s        |Zonal Transport of Salinity
    60 |VVELSLT |100 |    59 |VVR     MR|g/kg.m/s        |Meridional Transport of Salinity
    61 |WVELSLT |100 |       |WM      LR|g/kg.m/s        |Vertical Transport of Salinity
    62 |UVELPHI |100 |    63 |UUr     MR|m^3/s^3         |Zonal Mass-Weight Transp of Pressure Pot.(p/rho) Anomaly
    63 |VVELPHI |100 |    62 |VVr     MR|m^3/s^3         |Merid. Mass-Weight Transp of Pressure Pot.(p/rho) Anomaly
    64 |RHOAnoma|100 |       |SMR     MR|kg/m^3          |Density Anomaly (=Rho-rhoConst)
    65 |RHOANOSQ|100 |       |SMRP    MR|kg^2/m^6        |Square of Density Anomaly (=(Rho-rhoConst)^2)
    66 |URHOMASS|100 |    67 |UUr     MR|kg/m^2/s        |Zonal Transport of Density
    67 |VRHOMASS|100 |    66 |VVr     MR|kg/m^2/s        |Meridional Transport of Density
    68 |WRHOMASS|100 |       |WM      LR|kg/m^2/s        |Vertical Transport of Density
    69 |WdRHO_P |100 |       |WM      LR|kg/m^2/s        |Vertical velocity times delta^k(Rho)_at-const-P
    70 |WdRHOdP |100 |       |WM      LR|kg/m^2/s        |Vertical velocity times delta^k(Rho)_at-const-T,S
    71 |PHIHYD  |100 |       |SMR     MR|m^2/s^2         |Hydrostatic Pressure Pot.(p/rho) Anomaly
    72 |PHIHYDSQ|100 |       |SMRP    MR|m^4/s^4         |Square of Hyd. Pressure Pot.(p/rho) Anomaly
    73 |PHIBOT  |  1 |       |SM      M1|m^2/s^2         |Bottom Pressure Pot.(p/rho) Anomaly
    74 |PHIBOTSQ|  1 |       |SM P    M1|m^4/s^4         |Square of Bottom Pressure Pot.(p/rho) Anomaly
    75 |PHI_SURF|  1 |       |SM      M1|m^2/s^2         |Surface Dynamical Pressure Pot.(p/rho)
    76 |MXLDEPTH|  1 |       |SM      M1|m               |Mixed-Layer Depth (>0)
    77 |DRHODR  |100 |       |SM      LR|kg/m^4          |Stratification: d.Sigma/dr (kg/m3/r_unit)
    78 |CONVADJ |100 |       |SMR     LR|fraction        |Convective Adjustment Index [0-1]
    79 |oceTAUX |  1 |    80 |UU      U1|N/m^2           |zonal surface wind stress, >0 increases uVel
    80 |oceTAUY |  1 |    79 |VV      U1|N/m^2           |meridional surf. wind stress, >0 increases vVel
    81 |atmPload|  1 |       |SM      U1|Pa              |Atmospheric pressure loading anomaly (vs surf_pRef)
    82 |sIceLoad|  1 |       |SM      U1|kg/m^2          |sea-ice loading (in Mass of ice+snow / area unit)
    83 |oceFWflx|  1 |       |SM      U1|kg/m^2/s        |net surface Fresh-Water flux into the ocean (+=down), >0 decreases salinity
    84 |oceSflux|  1 |       |SM      U1|g/m^2/s         |net surface Salt flux into the ocean (+=down), >0 increases salinity
    85 |oceQnet |  1 |       |SM      U1|W/m^2           |net surface heat flux into the ocean (+=down), >0 increases theta
    86 |oceQsw  |  1 |       |SM      U1|W/m^2           |net Short-Wave radiation (+=down), >0 increases theta
    87 |oceFreez|  1 |       |SM      U1|W/m^2           |heating from freezing of sea-water (allowFreezing=T)
    88 |TRELAX  |  1 |       |SM      U1|W/m^2           |surface temperature relaxation, >0 increases theta
    89 |SRELAX  |  1 |       |SM      U1|g/m^2/s         |surface salinity relaxation, >0 increases salt
    90 |surForcT|  1 |       |SM      U1|W/m^2           |model surface forcing for Temperature, >0 increases theta
    91 |surForcS|  1 |       |SM      U1|g/m^2/s         |model surface forcing for Salinity, >0 increases salinity
    92 |TFLUX   |  1 |       |SM      U1|W/m^2           |total heat flux (match heat-content variations), >0 increases theta
    93 |SFLUX   |  1 |       |SM      U1|g/m^2/s         |total salt flux (match salt-content variations), >0 increases salt
    94 |RCENTER |100 |       |SM      MR|m               |Cell-Center Height
    95 |RSURF   |  1 |       |SM      M1|m               |Surface Height
    96 |TOTUTEND|100 |    97 |UUR     MR|m/s/day         |Tendency of Zonal Component of Velocity
    97 |TOTVTEND|100 |    96 |VVR     MR|m/s/day         |Tendency of Meridional Component of Velocity
    98 |TOTTTEND|100 |       |SMR     MR|degC/day        |Tendency of Potential Temperature
    99 |TOTSTEND|100 |       |SMR     MR|g/kg/day        |Tendency of Salinity
------------------------------------------------------------------------------------
  Num  |<-Name->|Levs|  mate |<- code ->|<--  Units   -->|<- Tile (max=80c)         
------------------------------------------------------------------------------------
   100 |MoistCor|100 |       |SM      MR|W/m^2           |Heating correction due to moist thermodynamics
   101 |gT_Forc |100 |       |SMR     MR|degC/s          |Potential Temp. forcing tendency
   102 |gS_Forc |100 |       |SMR     MR|g/kg/s          |Salinity forcing tendency
   103 |AB_gT   |100 |       |SMR     MR|degC/s          |Potential Temp. tendency from Adams-Bashforth
   104 |AB_gS   |100 |       |SMR     MR|g/kg/s          |Salinity tendency from Adams-Bashforth
   105 |gTinAB  |100 |       |SMR     MR|degC/s          |Potential Temp. tendency going in Adams-Bashforth
   106 |gSinAB  |100 |       |SMR     MR|g/kg/s          |Salinity tendency going in Adams-Bashforth
   107 |AB_gU   |100 |   108 |UUR     MR|m/s^2           |U momentum tendency from Adams-Bashforth
   108 |AB_gV   |100 |   107 |VVR     MR|m/s^2           |V momentum tendency from Adams-Bashforth
   109 |ADVr_TH |100 |       |WM      LR|degC.m^3/s      |Vertical   Advective Flux of Pot.Temperature
   110 |ADVx_TH |100 |   111 |UU      MR|degC.m^3/s      |Zonal      Advective Flux of Pot.Temperature
   111 |ADVy_TH |100 |   110 |VV      MR|degC.m^3/s      |Meridional Advective Flux of Pot.Temperature
   112 |DFrE_TH |100 |       |WM      LR|degC.m^3/s      |Vertical Diffusive Flux of Pot.Temperature (Explicit part)
   113 |DFxE_TH |100 |   114 |UU      MR|degC.m^3/s      |Zonal      Diffusive Flux of Pot.Temperature
   114 |DFyE_TH |100 |   113 |VV      MR|degC.m^3/s      |Meridional Diffusive Flux of Pot.Temperature
   115 |DFrI_TH |100 |       |WM      LR|degC.m^3/s      |Vertical Diffusive Flux of Pot.Temperature (Implicit part)
   116 |ADVr_SLT|100 |       |WM      LR|g/kg.m^3/s      |Vertical   Advective Flux of Salinity
   117 |ADVx_SLT|100 |   118 |UU      MR|g/kg.m^3/s      |Zonal      Advective Flux of Salinity
   118 |ADVy_SLT|100 |   117 |VV      MR|g/kg.m^3/s      |Meridional Advective Flux of Salinity
   119 |DFrE_SLT|100 |       |WM      LR|g/kg.m^3/s      |Vertical Diffusive Flux of Salinity    (Explicit part)
   120 |DFxE_SLT|100 |   121 |UU      MR|g/kg.m^3/s      |Zonal      Diffusive Flux of Salinity
   121 |DFyE_SLT|100 |   120 |VV      MR|g/kg.m^3/s      |Meridional Diffusive Flux of Salinity
   122 |DFrI_SLT|100 |       |WM      LR|g/kg.m^3/s      |Vertical Diffusive Flux of Salinity    (Implicit part)
   123 |SALTFILL|100 |       |SM      MR|g/kg.m^3/s      |Filling of Negative Values of Salinity
   124 |VISCAHZ |100 |       |SZ      MR|m^2/s           |Harmonic Visc Coefficient (m2/s) (Zeta Pt)
   125 |VISCA4Z |100 |       |SZ      MR|m^4/s           |Biharmonic Visc Coefficient (m4/s) (Zeta Pt)
   126 |VISCAHD |100 |       |SM      MR|m^2/s           |Harmonic Viscosity Coefficient (m2/s) (Div Pt)
   127 |VISCA4D |100 |       |SM      MR|m^4/s           |Biharmonic Viscosity Coefficient (m4/s) (Div Pt)
   128 |VISCAHW |100 |       |WM      LR|m^2/s           |Harmonic Viscosity Coefficient (m2/s) (W Pt)
   129 |VISCA4W |100 |       |WM      LR|m^4/s           |Biharmonic Viscosity Coefficient (m4/s) (W Pt)
   130 |VAHZMAX |100 |       |SZ      MR|m^2/s           |CFL-MAX Harm Visc Coefficient (m2/s) (Zeta Pt)
   131 |VA4ZMAX |100 |       |SZ      MR|m^4/s           |CFL-MAX Biharm Visc Coefficient (m4/s) (Zeta Pt)
   132 |VAHDMAX |100 |       |SM      MR|m^2/s           |CFL-MAX Harm Visc Coefficient (m2/s) (Div Pt)
   133 |VA4DMAX |100 |       |SM      MR|m^4/s           |CFL-MAX Biharm Visc Coefficient (m4/s) (Div Pt)
   134 |VAHZMIN |100 |       |SZ      MR|m^2/s           |RE-MIN Harm Visc Coefficient (m2/s) (Zeta Pt)
   135 |VA4ZMIN |100 |       |SZ      MR|m^4/s           |RE-MIN Biharm Visc Coefficient (m4/s) (Zeta Pt)
   136 |VAHDMIN |100 |       |SM      MR|m^2/s           |RE-MIN Harm Visc Coefficient (m2/s) (Div Pt)
   137 |VA4DMIN |100 |       |SM      MR|m^4/s           |RE-MIN Biharm Visc Coefficient (m4/s) (Div Pt)
   138 |VAHZLTH |100 |       |SZ      MR|m^2/s           |Leith Harm Visc Coefficient (m2/s) (Zeta Pt)
   139 |VA4ZLTH |100 |       |SZ      MR|m^4/s           |Leith Biharm Visc Coefficient (m4/s) (Zeta Pt)
   140 |VAHDLTH |100 |       |SM      MR|m^2/s           |Leith Harm Visc Coefficient (m2/s) (Div Pt)
   141 |VA4DLTH |100 |       |SM      MR|m^4/s           |Leith Biharm Visc Coefficient (m4/s) (Div Pt)
   142 |VAHZLTHD|100 |       |SZ      MR|m^2/s           |LeithD Harm Visc Coefficient (m2/s) (Zeta Pt)
   143 |VA4ZLTHD|100 |       |SZ      MR|m^4/s           |LeithD Biharm Visc Coefficient (m4/s) (Zeta Pt)
   144 |VAHDLTHD|100 |       |SM      MR|m^2/s           |LeithD Harm Visc Coefficient (m2/s) (Div Pt)
   145 |VA4DLTHD|100 |       |SM      MR|m^4/s           |LeithD Biharm Visc Coefficient (m4/s) (Div Pt)
   146 |VAHZSMAG|100 |       |SZ      MR|m^2/s           |Smagorinsky Harm Visc Coefficient (m2/s) (Zeta Pt)
   147 |VA4ZSMAG|100 |       |SZ      MR|m^4/s           |Smagorinsky Biharm Visc Coeff. (m4/s) (Zeta Pt)
   148 |VAHDSMAG|100 |       |SM      MR|m^2/s           |Smagorinsky Harm Visc Coefficient (m2/s) (Div Pt)
   149 |VA4DSMAG|100 |       |SM      MR|m^4/s           |Smagorinsky Biharm Visc Coeff. (m4/s) (Div Pt)
   150 |momKE   |100 |       |SMR     MR|m^2/s^2         |Kinetic Energy (in momentum Eq.)
   151 |momHDiv |100 |       |SMR     MR|s^-1            |Horizontal Divergence (in momentum Eq.)
   152 |momVort3|100 |       |SZR     MR|s^-1            |3rd component (vertical) of Vorticity
   153 |Strain  |100 |       |SZR     MR|s^-1            |Horizontal Strain of Horizontal Velocities
   154 |Tension |100 |       |SMR     MR|s^-1            |Horizontal Tension of Horizontal Velocities
   155 |Stretch |100 |       |SM      MR|s^-1            |Vortex stretching from QG Leith dynamic viscosity
   156 |USidDrag|100 |   157 |UUR     MR|m/s^2           |U momentum tendency from Side Drag
   157 |VSidDrag|100 |   156 |VVR     MR|m/s^2           |V momentum tendency from Side Drag
   158 |Um_Diss |100 |   159 |UUR     MR|m/s^2           |U momentum tendency from Dissipation (Explicit part)
   159 |Vm_Diss |100 |   158 |VVR     MR|m/s^2           |V momentum tendency from Dissipation (Explicit part)
   160 |Um_ImplD|100 |   161 |UUR     MR|m/s^2           |U momentum tendency from Dissipation (Implicit part)
   161 |Vm_ImplD|100 |   160 |VVR     MR|m/s^2           |V momentum tendency from Dissipation (Implicit part)
   162 |Um_Advec|100 |   163 |UUR     MR|m/s^2           |U momentum tendency from Advection terms
   163 |Vm_Advec|100 |   162 |VVR     MR|m/s^2           |V momentum tendency from Advection terms
   164 |Um_Cori |100 |   165 |UUR     MR|m/s^2           |U momentum tendency from Coriolis term
   165 |Vm_Cori |100 |   164 |VVR     MR|m/s^2           |V momentum tendency from Coriolis term
   166 |Um_dPhiX|100 |   167 |UUR     MR|m/s^2           |U momentum tendency from Pressure/Potential grad
   167 |Vm_dPhiY|100 |   166 |VVR     MR|m/s^2           |V momentum tendency from Pressure/Potential grad
   168 |Um_Ext  |100 |   169 |UUR     MR|m/s^2           |U momentum tendency from external forcing
   169 |Vm_Ext  |100 |   168 |VVR     MR|m/s^2           |V momentum tendency from external forcing
   170 |Um_AdvZ3|100 |   171 |UUR     MR|m/s^2           |U momentum tendency from Vorticity Advection
   171 |Vm_AdvZ3|100 |   170 |VVR     MR|m/s^2           |V momentum tendency from Vorticity Advection
   172 |Um_AdvRe|100 |   173 |UUR     MR|m/s^2           |U momentum tendency from vertical Advection (Explicit part)
   173 |Vm_AdvRe|100 |   172 |VVR     MR|m/s^2           |V momentum tendency from vertical Advection (Explicit part)
   174 |botTauX |  1 |   175 |UU      U1|N/m^2           |zonal bottom stress, >0 increases uVel
   175 |botTauY |  1 |   174 |VV      U1|N/m^2           |meridional bottom stress, >0 increases vVel
   176 |ADVx_Um |100 |   177 |UM      MR|m^4/s^2         |Zonal      Advective Flux of U momentum
   177 |ADVy_Um |100 |   176 |VZ      MR|m^4/s^2         |Meridional Advective Flux of U momentum
   178 |ADVrE_Um|100 |       |WU      LR|m^4/s^2         |Vertical   Advective Flux of U momentum (Explicit part)
   179 |ADVx_Vm |100 |   180 |UZ      MR|m^4/s^2         |Zonal      Advective Flux of V momentum
   180 |ADVy_Vm |100 |   179 |VM      MR|m^4/s^2         |Meridional Advective Flux of V momentum
   181 |ADVrE_Vm|100 |       |WV      LR|m^4/s^2         |Vertical   Advective Flux of V momentum (Explicit part)
   182 |VISCx_Um|100 |   183 |UM      MR|m^4/s^2         |Zonal      Viscous Flux of U momentum
   183 |VISCy_Um|100 |   182 |VZ      MR|m^4/s^2         |Meridional Viscous Flux of U momentum
   184 |VISrE_Um|100 |       |WU      LR|m^4/s^2         |Vertical   Viscous Flux of U momentum (Explicit part)
   185 |VISrI_Um|100 |       |WU      LR|m^4/s^2         |Vertical   Viscous Flux of U momentum (Implicit part)
   186 |VISCx_Vm|100 |   187 |UZ      MR|m^4/s^2         |Zonal      Viscous Flux of V momentum
   187 |VISCy_Vm|100 |   186 |VM      MR|m^4/s^2         |Meridional Viscous Flux of V momentum
   188 |VISrE_Vm|100 |       |WV      LR|m^4/s^2         |Vertical   Viscous Flux of V momentum (Explicit part)
   189 |VISrI_Vm|100 |       |WV      LR|m^4/s^2         |Vertical   Viscous Flux of V momentum (Implicit part)
   190 |GM_VisbK|  1 |       |SM P    M1|m^2/s           |Mixing coefficient from Visbeck etal parameterization
   191 |GM_hTrsL|  1 |       |SM P    M1|m               |Base depth (>0) of the Transition Layer
   192 |GM_baseS|  1 |       |SM P    M1|1               |Slope at the base of the Transition Layer
   193 |GM_rLamb|  1 |       |SM P    M1|1/m             |Slope vertical gradient at Trans. Layer Base (=recip.Lambda)
   194 |SubMesLf|  1 |       |SM P    M1|m               |Sub-Meso horiz. Length Scale (Lf)
   195 |SubMpsiX|  1 |   196 |UU      M1|m^2/s           |Sub-Meso transp.stream-funct. magnitude (Psi0): U component
   196 |SubMpsiY|  1 |   195 |VV      M1|m^2/s           |Sub-Meso transp.stream-funct. magnitude (Psi0): V component
   197 |GM_Kux  |100 |   198 |UU P    MR|m^2/s           |K_11 element (U.point, X.dir) of GM-Redi tensor
   198 |GM_Kvy  |100 |   197 |VV P    MR|m^2/s           |K_22 element (V.point, Y.dir) of GM-Redi tensor
   199 |GM_Kuz  |100 |   200 |UU      MR|m^2/s           |K_13 element (U.point, Z.dir) of GM-Redi tensor
------------------------------------------------------------------------------------
  Num  |<-Name->|Levs|  mate |<- code ->|<--  Units   -->|<- Tile (max=80c)         
------------------------------------------------------------------------------------
   200 |GM_Kvz  |100 |   199 |VV      MR|m^2/s           |K_23 element (V.point, Z.dir) of GM-Redi tensor
   201 |GM_Kwx  |100 |   202 |UM      LR|m^2/s           |K_31 element (W.point, X.dir) of GM-Redi tensor
   202 |GM_Kwy  |100 |   201 |VM      LR|m^2/s           |K_32 element (W.point, Y.dir) of GM-Redi tensor
   203 |GM_Kwz  |100 |       |WM P    LR|m^2/s           |K_33 element (W.point, Z.dir) of GM-Redi tensor
   204 |GM_PsiX |100 |   205 |UU      LR|m^2/s           |GM Bolus transport stream-function : U component
   205 |GM_PsiY |100 |   204 |VV      LR|m^2/s           |GM Bolus transport stream-function : V component
   206 |GM_KuzTz|100 |   207 |UU      MR|degC.m^3/s      |Redi Off-diagonal Temperature flux: X component
   207 |GM_KvzTz|100 |   206 |VV      MR|degC.m^3/s      |Redi Off-diagonal Temperature flux: Y component
   208 |GM_KwzTz|100 |       |WM      LR|degC.m^3/s      |Redi main-diagonal vertical Temperature flux
   209 |GM_ubT  |100 |   210 |UUr     MR|degC.m^3/s      |Zonal Mass-Weight Bolus Transp of Pot Temp
   210 |GM_vbT  |100 |   209 |VVr     MR|degC.m^3/s      |Meridional Mass-Weight Bolus Transp of Pot Temp
   211 |GM_BVPcW|  1 |   212 |SU P    M1|m/s             |WKB wave speed (at Western edge location)
   212 |GM_BVPcS|  1 |   211 |SV P    M1|m/s             |WKB wave speed (at Southern edge location)
   213 |TRAC01  |100 |       |SMR     MR|kg/kg           |pt24 concentration
   214 |UTRAC01 |100 |   215 |UUr     MR|kg/kg.m/s       |Zonal Mass-Weighted Transp of pt24
   215 |VTRAC01 |100 |   214 |VVr     MR|kg/kg.m/s       |Merid Mass-Weighted Transp of pt24
   216 |WTRAC01 |100 |       |WM      MR|kg/kg.m/s       |Vert  Mass-Weighted Transp of pt24
   217 |ForcTr01|100 |       |SMR     MR|kg/kg/s         |pt24 forcing tendency
   218 |AB_gTr01|100 |       |SMR     MR|kg/kg/s         |pt24 tendency from Adams-Bashforth
   219 |Tp_gTr01|100 |       |SMR     MR|kg/kg/s         |pt24 total transport tendency (before gchem_forcing_sep)
   220 |ADVrTr01|100 |       |WM      LR|kg/kg.m^3/s     |Vertical   Advective Flux of pt24
   221 |ADVxTr01|100 |   222 |UU      MR|kg/kg.m^3/s     |Zonal      Advective Flux of pt24
   222 |ADVyTr01|100 |   221 |VV      MR|kg/kg.m^3/s     |Meridional Advective Flux of pt24
   223 |DFrETr01|100 |       |WM      LR|kg/kg.m^3/s     |Vertical Diffusive Flux of pt24 (Explicit part)
   224 |DFxETr01|100 |   225 |UU      MR|kg/kg.m^3/s     |Zonal      Diffusive Flux of pt24
   225 |DFyETr01|100 |   224 |VV      MR|kg/kg.m^3/s     |Meridional Diffusive Flux of pt24
   226 |DFrITr01|100 |       |WM      LR|kg/kg.m^3/s     |Vertical Diffusive Flux of pt24 (Implicit part)
   227 |TRAC02  |100 |       |SMR     MR|kg/kg           |pt25 concentration
   228 |UTRAC02 |100 |   229 |UUr     MR|kg/kg.m/s       |Zonal Mass-Weighted Transp of pt25
   229 |VTRAC02 |100 |   228 |VVr     MR|kg/kg.m/s       |Merid Mass-Weighted Transp of pt25
   230 |WTRAC02 |100 |       |WM      MR|kg/kg.m/s       |Vert  Mass-Weighted Transp of pt25
   231 |ForcTr02|100 |       |SMR     MR|kg/kg/s         |pt25 forcing tendency
   232 |AB_gTr02|100 |       |SMR     MR|kg/kg/s         |pt25 tendency from Adams-Bashforth
   233 |Tp_gTr02|100 |       |SMR     MR|kg/kg/s         |pt25 total transport tendency (before gchem_forcing_sep)
   234 |ADVrTr02|100 |       |WM      LR|kg/kg.m^3/s     |Vertical   Advective Flux of pt25
   235 |ADVxTr02|100 |   236 |UU      MR|kg/kg.m^3/s     |Zonal      Advective Flux of pt25
   236 |ADVyTr02|100 |   235 |VV      MR|kg/kg.m^3/s     |Meridional Advective Flux of pt25
   237 |DFrETr02|100 |       |WM      LR|kg/kg.m^3/s     |Vertical Diffusive Flux of pt25 (Explicit part)
   238 |DFxETr02|100 |   239 |UU      MR|kg/kg.m^3/s     |Zonal      Diffusive Flux of pt25
   239 |DFyETr02|100 |   238 |VV      MR|kg/kg.m^3/s     |Meridional Diffusive Flux of pt25
   240 |DFrITr02|100 |       |WM      LR|kg/kg.m^3/s     |Vertical Diffusive Flux of pt25 (Implicit part)
   241 |TRAC03  |100 |       |SMR     MR|kg/kg           |pt34 concentration
   242 |UTRAC03 |100 |   243 |UUr     MR|kg/kg.m/s       |Zonal Mass-Weighted Transp of pt34
   243 |VTRAC03 |100 |   242 |VVr     MR|kg/kg.m/s       |Merid Mass-Weighted Transp of pt34
   244 |WTRAC03 |100 |       |WM      MR|kg/kg.m/s       |Vert  Mass-Weighted Transp of pt34
   245 |ForcTr03|100 |       |SMR     MR|kg/kg/s         |pt34 forcing tendency
   246 |AB_gTr03|100 |       |SMR     MR|kg/kg/s         |pt34 tendency from Adams-Bashforth
   247 |Tp_gTr03|100 |       |SMR     MR|kg/kg/s         |pt34 total transport tendency (before gchem_forcing_sep)
   248 |ADVrTr03|100 |       |WM      LR|kg/kg.m^3/s     |Vertical   Advective Flux of pt34
   249 |ADVxTr03|100 |   250 |UU      MR|kg/kg.m^3/s     |Zonal      Advective Flux of pt34
   250 |ADVyTr03|100 |   249 |VV      MR|kg/kg.m^3/s     |Meridional Advective Flux of pt34
   251 |DFrETr03|100 |       |WM      LR|kg/kg.m^3/s     |Vertical Diffusive Flux of pt34 (Explicit part)
   252 |DFxETr03|100 |   253 |UU      MR|kg/kg.m^3/s     |Zonal      Diffusive Flux of pt34
   253 |DFyETr03|100 |   252 |VV      MR|kg/kg.m^3/s     |Meridional Diffusive Flux of pt34
   254 |DFrITr03|100 |       |WM      LR|kg/kg.m^3/s     |Vertical Diffusive Flux of pt34 (Implicit part)
   255 |TRAC04  |100 |       |SMR     MR|kg/kg           |pt35 concentration
   256 |UTRAC04 |100 |   257 |UUr     MR|kg/kg.m/s       |Zonal Mass-Weighted Transp of pt35
   257 |VTRAC04 |100 |   256 |VVr     MR|kg/kg.m/s       |Merid Mass-Weighted Transp of pt35
   258 |WTRAC04 |100 |       |WM      MR|kg/kg.m/s       |Vert  Mass-Weighted Transp of pt35
   259 |ForcTr04|100 |       |SMR     MR|kg/kg/s         |pt35 forcing tendency
   260 |AB_gTr04|100 |       |SMR     MR|kg/kg/s         |pt35 tendency from Adams-Bashforth
   261 |Tp_gTr04|100 |       |SMR     MR|kg/kg/s         |pt35 total transport tendency (before gchem_forcing_sep)
   262 |ADVrTr04|100 |       |WM      LR|kg/kg.m^3/s     |Vertical   Advective Flux of pt35
   263 |ADVxTr04|100 |   264 |UU      MR|kg/kg.m^3/s     |Zonal      Advective Flux of pt35
   264 |ADVyTr04|100 |   263 |VV      MR|kg/kg.m^3/s     |Meridional Advective Flux of pt35
   265 |DFrETr04|100 |       |WM      LR|kg/kg.m^3/s     |Vertical Diffusive Flux of pt35 (Explicit part)
   266 |DFxETr04|100 |   267 |UU      MR|kg/kg.m^3/s     |Zonal      Diffusive Flux of pt35
   267 |DFyETr04|100 |   266 |VV      MR|kg/kg.m^3/s     |Meridional Diffusive Flux of pt35
   268 |DFrITr04|100 |       |WM      LR|kg/kg.m^3/s     |Vertical Diffusive Flux of pt35 (Implicit part)
   269 |TRAC05  |100 |       |SMR     MR|kg/kg           |pt37 concentration
   270 |UTRAC05 |100 |   271 |UUr     MR|kg/kg.m/s       |Zonal Mass-Weighted Transp of pt37
   271 |VTRAC05 |100 |   270 |VVr     MR|kg/kg.m/s       |Merid Mass-Weighted Transp of pt37
   272 |WTRAC05 |100 |       |WM      MR|kg/kg.m/s       |Vert  Mass-Weighted Transp of pt37
   273 |ForcTr05|100 |       |SMR     MR|kg/kg/s         |pt37 forcing tendency
   274 |AB_gTr05|100 |       |SMR     MR|kg/kg/s         |pt37 tendency from Adams-Bashforth
   275 |Tp_gTr05|100 |       |SMR     MR|kg/kg/s         |pt37 total transport tendency (before gchem_forcing_sep)
   276 |ADVrTr05|100 |       |WM      LR|kg/kg.m^3/s     |Vertical   Advective Flux of pt37
   277 |ADVxTr05|100 |   278 |UU      MR|kg/kg.m^3/s     |Zonal      Advective Flux of pt37
   278 |ADVyTr05|100 |   277 |VV      MR|kg/kg.m^3/s     |Meridional Advective Flux of pt37
   279 |DFrETr05|100 |       |WM      LR|kg/kg.m^3/s     |Vertical Diffusive Flux of pt37 (Explicit part)
   280 |DFxETr05|100 |   281 |UU      MR|kg/kg.m^3/s     |Zonal      Diffusive Flux of pt37
   281 |DFyETr05|100 |   280 |VV      MR|kg/kg.m^3/s     |Meridional Diffusive Flux of pt37
   282 |DFrITr05|100 |       |WM      LR|kg/kg.m^3/s     |Vertical Diffusive Flux of pt37 (Implicit part)
   283 |TRAC06  |100 |       |SMR     MR|kg/kg           |Tracer 0006 concentration
   284 |UTRAC06 |100 |   285 |UUr     MR|kg/kg.m/s       |Zonal Mass-Weighted Transp of Tracer 0006
   285 |VTRAC06 |100 |   284 |VVr     MR|kg/kg.m/s       |Merid Mass-Weighted Transp of Tracer 0006
   286 |WTRAC06 |100 |       |WM      MR|kg/kg.m/s       |Vert  Mass-Weighted Transp of Tracer 0006
   287 |ForcTr06|100 |       |SMR     MR|kg/kg/s         |Tracer 0006 forcing tendency
   288 |AB_gTr06|100 |       |SMR     MR|kg/kg/s         |Tracer 0006 tendency from Adams-Bashforth
   289 |Tp_gTr06|100 |       |SMR     MR|kg/kg/s         |Tracer 0006 total transport tendency (before gchem_forcing_sep)
   290 |ADVrTr06|100 |       |WM      LR|kg/kg.m^3/s     |Vertical   Advective Flux of Tracer 0006
   291 |ADVxTr06|100 |   292 |UU      MR|kg/kg.m^3/s     |Zonal      Advective Flux of Tracer 0006
   292 |ADVyTr06|100 |   291 |VV      MR|kg/kg.m^3/s     |Meridional Advective Flux of Tracer 0006
   293 |DFrETr06|100 |       |WM      LR|kg/kg.m^3/s     |Vertical Diffusive Flux of Tracer 0006 (Explicit part)
   294 |DFxETr06|100 |   295 |UU      MR|kg/kg.m^3/s     |Zonal      Diffusive Flux of Tracer 0006
   295 |DFyETr06|100 |   294 |VV      MR|kg/kg.m^3/s     |Meridional Diffusive Flux of Tracer 0006
   296 |DFrITr06|100 |       |WM      LR|kg/kg.m^3/s     |Vertical Diffusive Flux of Tracer 0006 (Implicit part)
   297 |TRAC07  |100 |       |SMR     MR|kg/kg           |Tracer 0007 concentration
   298 |UTRAC07 |100 |   299 |UUr     MR|kg/kg.m/s       |Zonal Mass-Weighted Transp of Tracer 0007
   299 |VTRAC07 |100 |   298 |VVr     MR|kg/kg.m/s       |Merid Mass-Weighted Transp of Tracer 0007
------------------------------------------------------------------------------------
  Num  |<-Name->|Levs|  mate |<- code ->|<--  Units   -->|<- Tile (max=80c)         
------------------------------------------------------------------------------------
   300 |WTRAC07 |100 |       |WM      MR|kg/kg.m/s       |Vert  Mass-Weighted Transp of Tracer 0007
   301 |ForcTr07|100 |       |SMR     MR|kg/kg/s         |Tracer 0007 forcing tendency
   302 |AB_gTr07|100 |       |SMR     MR|kg/kg/s         |Tracer 0007 tendency from Adams-Bashforth
   303 |Tp_gTr07|100 |       |SMR     MR|kg/kg/s         |Tracer 0007 total transport tendency (before gchem_forcing_sep)
   304 |ADVrTr07|100 |       |WM      LR|kg/kg.m^3/s     |Vertical   Advective Flux of Tracer 0007
   305 |ADVxTr07|100 |   306 |UU      MR|kg/kg.m^3/s     |Zonal      Advective Flux of Tracer 0007
   306 |ADVyTr07|100 |   305 |VV      MR|kg/kg.m^3/s     |Meridional Advective Flux of Tracer 0007
   307 |DFrETr07|100 |       |WM      LR|kg/kg.m^3/s     |Vertical Diffusive Flux of Tracer 0007 (Explicit part)
   308 |DFxETr07|100 |   309 |UU      MR|kg/kg.m^3/s     |Zonal      Diffusive Flux of Tracer 0007
   309 |DFyETr07|100 |   308 |VV      MR|kg/kg.m^3/s     |Meridional Diffusive Flux of Tracer 0007
   310 |DFrITr07|100 |       |WM      LR|kg/kg.m^3/s     |Vertical Diffusive Flux of Tracer 0007 (Implicit part)
   311 |TRAC08  |100 |       |SMR     MR|kg/kg           |Tracer 0008 concentration
   312 |UTRAC08 |100 |   313 |UUr     MR|kg/kg.m/s       |Zonal Mass-Weighted Transp of Tracer 0008
   313 |VTRAC08 |100 |   312 |VVr     MR|kg/kg.m/s       |Merid Mass-Weighted Transp of Tracer 0008
   314 |WTRAC08 |100 |       |WM      MR|kg/kg.m/s       |Vert  Mass-Weighted Transp of Tracer 0008
   315 |ForcTr08|100 |       |SMR     MR|kg/kg/s         |Tracer 0008 forcing tendency
   316 |AB_gTr08|100 |       |SMR     MR|kg/kg/s         |Tracer 0008 tendency from Adams-Bashforth
   317 |Tp_gTr08|100 |       |SMR     MR|kg/kg/s         |Tracer 0008 total transport tendency (before gchem_forcing_sep)
   318 |ADVrTr08|100 |       |WM      LR|kg/kg.m^3/s     |Vertical   Advective Flux of Tracer 0008
   319 |ADVxTr08|100 |   320 |UU      MR|kg/kg.m^3/s     |Zonal      Advective Flux of Tracer 0008
   320 |ADVyTr08|100 |   319 |VV      MR|kg/kg.m^3/s     |Meridional Advective Flux of Tracer 0008
   321 |DFrETr08|100 |       |WM      LR|kg/kg.m^3/s     |Vertical Diffusive Flux of Tracer 0008 (Explicit part)
   322 |DFxETr08|100 |   323 |UU      MR|kg/kg.m^3/s     |Zonal      Diffusive Flux of Tracer 0008
   323 |DFyETr08|100 |   322 |VV      MR|kg/kg.m^3/s     |Meridional Diffusive Flux of Tracer 0008
   324 |DFrITr08|100 |       |WM      LR|kg/kg.m^3/s     |Vertical Diffusive Flux of Tracer 0008 (Implicit part)
   325 |TRAC09  |100 |       |SMR     MR|kg/kg           |Tracer 0009 concentration
   326 |UTRAC09 |100 |   327 |UUr     MR|kg/kg.m/s       |Zonal Mass-Weighted Transp of Tracer 0009
   327 |VTRAC09 |100 |   326 |VVr     MR|kg/kg.m/s       |Merid Mass-Weighted Transp of Tracer 0009
   328 |WTRAC09 |100 |       |WM      MR|kg/kg.m/s       |Vert  Mass-Weighted Transp of Tracer 0009
   329 |ForcTr09|100 |       |SMR     MR|kg/kg/s         |Tracer 0009 forcing tendency
   330 |AB_gTr09|100 |       |SMR     MR|kg/kg/s         |Tracer 0009 tendency from Adams-Bashforth
   331 |Tp_gTr09|100 |       |SMR     MR|kg/kg/s         |Tracer 0009 total transport tendency (before gchem_forcing_sep)
   332 |ADVrTr09|100 |       |WM      LR|kg/kg.m^3/s     |Vertical   Advective Flux of Tracer 0009
   333 |ADVxTr09|100 |   334 |UU      MR|kg/kg.m^3/s     |Zonal      Advective Flux of Tracer 0009
   334 |ADVyTr09|100 |   333 |VV      MR|kg/kg.m^3/s     |Meridional Advective Flux of Tracer 0009
   335 |DFrETr09|100 |       |WM      LR|kg/kg.m^3/s     |Vertical Diffusive Flux of Tracer 0009 (Explicit part)
   336 |DFxETr09|100 |   337 |UU      MR|kg/kg.m^3/s     |Zonal      Diffusive Flux of Tracer 0009
   337 |DFyETr09|100 |   336 |VV      MR|kg/kg.m^3/s     |Meridional Diffusive Flux of Tracer 0009
   338 |DFrITr09|100 |       |WM      LR|kg/kg.m^3/s     |Vertical Diffusive Flux of Tracer 0009 (Implicit part)
   339 |TRAC10  |100 |       |SMR     MR|kg/kg           |Tracer 0010 concentration
   340 |UTRAC10 |100 |   341 |UUr     MR|kg/kg.m/s       |Zonal Mass-Weighted Transp of Tracer 0010
   341 |VTRAC10 |100 |   340 |VVr     MR|kg/kg.m/s       |Merid Mass-Weighted Transp of Tracer 0010
   342 |WTRAC10 |100 |       |WM      MR|kg/kg.m/s       |Vert  Mass-Weighted Transp of Tracer 0010
   343 |ForcTr10|100 |       |SMR     MR|kg/kg/s         |Tracer 0010 forcing tendency
   344 |AB_gTr10|100 |       |SMR     MR|kg/kg/s         |Tracer 0010 tendency from Adams-Bashforth
   345 |Tp_gTr10|100 |       |SMR     MR|kg/kg/s         |Tracer 0010 total transport tendency (before gchem_forcing_sep)
   346 |ADVrTr10|100 |       |WM      LR|kg/kg.m^3/s     |Vertical   Advective Flux of Tracer 0010
   347 |ADVxTr10|100 |   348 |UU      MR|kg/kg.m^3/s     |Zonal      Advective Flux of Tracer 0010
   348 |ADVyTr10|100 |   347 |VV      MR|kg/kg.m^3/s     |Meridional Advective Flux of Tracer 0010
   349 |DFrETr10|100 |       |WM      LR|kg/kg.m^3/s     |Vertical Diffusive Flux of Tracer 0010 (Explicit part)
   350 |DFxETr10|100 |   351 |UU      MR|kg/kg.m^3/s     |Zonal      Diffusive Flux of Tracer 0010
   351 |DFyETr10|100 |   350 |VV      MR|kg/kg.m^3/s     |Meridional Diffusive Flux of Tracer 0010
   352 |DFrITr10|100 |       |WM      LR|kg/kg.m^3/s     |Vertical Diffusive Flux of Tracer 0010 (Implicit part)
   353 |TRAC11  |100 |       |SMR     MR|kg/kg           |Tracer 0011 concentration
   354 |UTRAC11 |100 |   355 |UUr     MR|kg/kg.m/s       |Zonal Mass-Weighted Transp of Tracer 0011
   355 |VTRAC11 |100 |   354 |VVr     MR|kg/kg.m/s       |Merid Mass-Weighted Transp of Tracer 0011
   356 |WTRAC11 |100 |       |WM      MR|kg/kg.m/s       |Vert  Mass-Weighted Transp of Tracer 0011
   357 |ForcTr11|100 |       |SMR     MR|kg/kg/s         |Tracer 0011 forcing tendency
   358 |AB_gTr11|100 |       |SMR     MR|kg/kg/s         |Tracer 0011 tendency from Adams-Bashforth
   359 |Tp_gTr11|100 |       |SMR     MR|kg/kg/s         |Tracer 0011 total transport tendency (before gchem_forcing_sep)
   360 |ADVrTr11|100 |       |WM      LR|kg/kg.m^3/s     |Vertical   Advective Flux of Tracer 0011
   361 |ADVxTr11|100 |   362 |UU      MR|kg/kg.m^3/s     |Zonal      Advective Flux of Tracer 0011
   362 |ADVyTr11|100 |   361 |VV      MR|kg/kg.m^3/s     |Meridional Advective Flux of Tracer 0011
   363 |DFrETr11|100 |       |WM      LR|kg/kg.m^3/s     |Vertical Diffusive Flux of Tracer 0011 (Explicit part)
   364 |DFxETr11|100 |   365 |UU      MR|kg/kg.m^3/s     |Zonal      Diffusive Flux of Tracer 0011
   365 |DFyETr11|100 |   364 |VV      MR|kg/kg.m^3/s     |Meridional Diffusive Flux of Tracer 0011
   366 |DFrITr11|100 |       |WM      LR|kg/kg.m^3/s     |Vertical Diffusive Flux of Tracer 0011 (Implicit part)
   367 |TRAC12  |100 |       |SMR     MR|kg/kg           |Tracer 0012 concentration
   368 |UTRAC12 |100 |   369 |UUr     MR|kg/kg.m/s       |Zonal Mass-Weighted Transp of Tracer 0012
   369 |VTRAC12 |100 |   368 |VVr     MR|kg/kg.m/s       |Merid Mass-Weighted Transp of Tracer 0012
   370 |WTRAC12 |100 |       |WM      MR|kg/kg.m/s       |Vert  Mass-Weighted Transp of Tracer 0012
   371 |ForcTr12|100 |       |SMR     MR|kg/kg/s         |Tracer 0012 forcing tendency
   372 |AB_gTr12|100 |       |SMR     MR|kg/kg/s         |Tracer 0012 tendency from Adams-Bashforth
   373 |Tp_gTr12|100 |       |SMR     MR|kg/kg/s         |Tracer 0012 total transport tendency (before gchem_forcing_sep)
   374 |ADVrTr12|100 |       |WM      LR|kg/kg.m^3/s     |Vertical   Advective Flux of Tracer 0012
   375 |ADVxTr12|100 |   376 |UU      MR|kg/kg.m^3/s     |Zonal      Advective Flux of Tracer 0012
   376 |ADVyTr12|100 |   375 |VV      MR|kg/kg.m^3/s     |Meridional Advective Flux of Tracer 0012
   377 |DFrETr12|100 |       |WM      LR|kg/kg.m^3/s     |Vertical Diffusive Flux of Tracer 0012 (Explicit part)
   378 |DFxETr12|100 |   379 |UU      MR|kg/kg.m^3/s     |Zonal      Diffusive Flux of Tracer 0012
   379 |DFyETr12|100 |   378 |VV      MR|kg/kg.m^3/s     |Meridional Diffusive Flux of Tracer 0012
   380 |DFrITr12|100 |       |WM      LR|kg/kg.m^3/s     |Vertical Diffusive Flux of Tracer 0012 (Implicit part)
   381 |TRAC13  |100 |       |SMR     MR|kg/kg           |Tracer 0013 concentration
   382 |UTRAC13 |100 |   383 |UUr     MR|kg/kg.m/s       |Zonal Mass-Weighted Transp of Tracer 0013
   383 |VTRAC13 |100 |   382 |VVr     MR|kg/kg.m/s       |Merid Mass-Weighted Transp of Tracer 0013
   384 |WTRAC13 |100 |       |WM      MR|kg/kg.m/s       |Vert  Mass-Weighted Transp of Tracer 0013
   385 |ForcTr13|100 |       |SMR     MR|kg/kg/s         |Tracer 0013 forcing tendency
   386 |AB_gTr13|100 |       |SMR     MR|kg/kg/s         |Tracer 0013 tendency from Adams-Bashforth
   387 |Tp_gTr13|100 |       |SMR     MR|kg/kg/s         |Tracer 0013 total transport tendency (before gchem_forcing_sep)
   388 |ADVrTr13|100 |       |WM      LR|kg/kg.m^3/s     |Vertical   Advective Flux of Tracer 0013
   389 |ADVxTr13|100 |   390 |UU      MR|kg/kg.m^3/s     |Zonal      Advective Flux of Tracer 0013
   390 |ADVyTr13|100 |   389 |VV      MR|kg/kg.m^3/s     |Meridional Advective Flux of Tracer 0013
   391 |DFrETr13|100 |       |WM      LR|kg/kg.m^3/s     |Vertical Diffusive Flux of Tracer 0013 (Explicit part)
   392 |DFxETr13|100 |   393 |UU      MR|kg/kg.m^3/s     |Zonal      Diffusive Flux of Tracer 0013
   393 |DFyETr13|100 |   392 |VV      MR|kg/kg.m^3/s     |Meridional Diffusive Flux of Tracer 0013
   394 |DFrITr13|100 |       |WM      LR|kg/kg.m^3/s     |Vertical Diffusive Flux of Tracer 0013 (Implicit part)
   395 |TRAC14  |100 |       |SMR     MR|kg/kg           |Tracer 0014 concentration
   396 |UTRAC14 |100 |   397 |UUr     MR|kg/kg.m/s       |Zonal Mass-Weighted Transp of Tracer 0014
   397 |VTRAC14 |100 |   396 |VVr     MR|kg/kg.m/s       |Merid Mass-Weighted Transp of Tracer 0014
   398 |WTRAC14 |100 |       |WM      MR|kg/kg.m/s       |Vert  Mass-Weighted Transp of Tracer 0014
   399 |ForcTr14|100 |       |SMR     MR|kg/kg/s         |Tracer 0014 forcing tendency
------------------------------------------------------------------------------------
  Num  |<-Name->|Levs|  mate |<- code ->|<--  Units   -->|<- Tile (max=80c)         
------------------------------------------------------------------------------------
   400 |AB_gTr14|100 |       |SMR     MR|kg/kg/s         |Tracer 0014 tendency from Adams-Bashforth
   401 |Tp_gTr14|100 |       |SMR     MR|kg/kg/s         |Tracer 0014 total transport tendency (before gchem_forcing_sep)
   402 |ADVrTr14|100 |       |WM      LR|kg/kg.m^3/s     |Vertical   Advective Flux of Tracer 0014
   403 |ADVxTr14|100 |   404 |UU      MR|kg/kg.m^3/s     |Zonal      Advective Flux of Tracer 0014
   404 |ADVyTr14|100 |   403 |VV      MR|kg/kg.m^3/s     |Meridional Advective Flux of Tracer 0014
   405 |DFrETr14|100 |       |WM      LR|kg/kg.m^3/s     |Vertical Diffusive Flux of Tracer 0014 (Explicit part)
   406 |DFxETr14|100 |   407 |UU      MR|kg/kg.m^3/s     |Zonal      Diffusive Flux of Tracer 0014
   407 |DFyETr14|100 |   406 |VV      MR|kg/kg.m^3/s     |Meridional Diffusive Flux of Tracer 0014
   408 |DFrITr14|100 |       |WM      LR|kg/kg.m^3/s     |Vertical Diffusive Flux of Tracer 0014 (Implicit part)
   409 |TRAC15  |100 |       |SMR     MR|kg/kg           |Tracer 0015 concentration
   410 |UTRAC15 |100 |   411 |UUr     MR|kg/kg.m/s       |Zonal Mass-Weighted Transp of Tracer 0015
   411 |VTRAC15 |100 |   410 |VVr     MR|kg/kg.m/s       |Merid Mass-Weighted Transp of Tracer 0015
   412 |WTRAC15 |100 |       |WM      MR|kg/kg.m/s       |Vert  Mass-Weighted Transp of Tracer 0015
   413 |ForcTr15|100 |       |SMR     MR|kg/kg/s         |Tracer 0015 forcing tendency
   414 |AB_gTr15|100 |       |SMR     MR|kg/kg/s         |Tracer 0015 tendency from Adams-Bashforth
   415 |Tp_gTr15|100 |       |SMR     MR|kg/kg/s         |Tracer 0015 total transport tendency (before gchem_forcing_sep)
   416 |ADVrTr15|100 |       |WM      LR|kg/kg.m^3/s     |Vertical   Advective Flux of Tracer 0015
   417 |ADVxTr15|100 |   418 |UU      MR|kg/kg.m^3/s     |Zonal      Advective Flux of Tracer 0015
   418 |ADVyTr15|100 |   417 |VV      MR|kg/kg.m^3/s     |Meridional Advective Flux of Tracer 0015
   419 |DFrETr15|100 |       |WM      LR|kg/kg.m^3/s     |Vertical Diffusive Flux of Tracer 0015 (Explicit part)
   420 |DFxETr15|100 |   421 |UU      MR|kg/kg.m^3/s     |Zonal      Diffusive Flux of Tracer 0015
   421 |DFyETr15|100 |   420 |VV      MR|kg/kg.m^3/s     |Meridional Diffusive Flux of Tracer 0015
   422 |DFrITr15|100 |       |WM      LR|kg/kg.m^3/s     |Vertical Diffusive Flux of Tracer 0015 (Implicit part)
   423 |Add2EmP |  1 |       |SM      U1|kg/m^2/s        |additional EmP from salt relaxation
------------------------------------------------------------------------------------
  Num  |<-Name->|Levs|  mate |<- code ->|<--  Units   -->|<- Tile (max=80c)         
------------------------------------------------------------------------------------
